<html>
<body>
<pre>
<h1>礦ision Build Log</h1>
<h2>Project:</h2>
E:\_STM32F103c8t6_Pros\Base_uCOS-III_WaterHeat\Project\RVMDK（uv4）\iSO-STM32.uvproj
Project File Date:  04/18/2017

<h2>Output:</h2>
Build target 'uCOS-LED（多任务）'
assembling startup_stm32f10x_hd.s...
compiling core_cm3.c...
compiling system_stm32f10x.c...
compiling misc.c...
compiling stm32f10x_adc.c...
compiling stm32f10x_bkp.c...
compiling stm32f10x_can.c...
compiling stm32f10x_cec.c...
compiling stm32f10x_crc.c...
compiling stm32f10x_dac.c...
compiling stm32f10x_dbgmcu.c...
compiling stm32f10x_dma.c...
compiling stm32f10x_exti.c...
compiling stm32f10x_flash.c...
compiling stm32f10x_fsmc.c...
compiling stm32f10x_gpio.c...
compiling stm32f10x_i2c.c...
compiling stm32f10x_iwdg.c...
compiling stm32f10x_pwr.c...
compiling stm32f10x_rcc.c...
compiling stm32f10x_rtc.c...
compiling stm32f10x_sdio.c...
compiling stm32f10x_spi.c...
compiling stm32f10x_tim.c...
compiling stm32f10x_usart.c...
compiling stm32f10x_wwdg.c...
compiling main.c...
compiling stm32f10x_it.c...
compiling oled.c...
..\..\User\oled.c(817): warning:  #167-D: argument of type "u8 *" is incompatible with parameter of type "char *"
                        LCD_P8x16Str(x , y , ch2);      //显示字母
..\..\User\oled.c(885): warning:  #167-D: argument of type "u8 *" is incompatible with parameter of type "char *"
    LCD_P8x16Str(x,y,&n[5-N]);//从ACSII码表中读取字节，然后写入液晶
..\..\User\oled.c(929): warning:  #167-D: argument of type "u8 *" is incompatible with parameter of type "char *"
    LCD_P8x16Str(x,y,&n[0]);//从ACSII码表中读取字节，然后写入液晶
..\..\User\oled.c(964): warning:  #167-D: argument of type "u8 *" is incompatible with parameter of type "char *"
      LCD_P8x16Str(96,0,&n[0]);//从ACSII码表中读取字节，然后写入液晶
..\..\User\oled.c: 4 warnings, 0 errors
compiling TempControl.C...
..\..\User\TempControl.C(24): warning:  #177-D: variable "tempCha" was declared but never referenced
                        int tempCha = 44;
..\..\User\TempControl.C: 1 warning, 0 errors
compiling breathLED.c...
compiling delay.c...
compiling ds18b20.c...
..\..\User\ds18b20.c(143): warning:  #177-D: variable "temLast" was declared but never referenced
        static short temLast;
..\..\User\ds18b20.c: 1 warning, 0 errors
compiling flash.c...
compiling iwdg.c...
compiling keyEx.c...
compiling pwm.c...
..\..\User\pwm.c(129): warning:  #177-D: variable "CCR1_Val" was declared but never referenced
        u16 CCR1_Val = 50; 
..\..\User\pwm.c: 1 warning, 0 errors
compiling relay.c...
compiling Sound.c...
compiling stm32f10x_ucOS_delay.c...
compiling app.c...
compiling bsp.c...
compiling bsp_led.c...
compiling os_cfg_app.c...
compiling os_core.c...
compiling os_dbg.c...
compiling os_flag.c...
compiling os_int.c...
..\..\uCOS-III\Source\os_int.c(159): warning:  #550-D: variable "p_void" was set but never used
      void         *p_void;
..\..\uCOS-III\Source\os_int.c(161): warning:  #550-D: variable "flags" was set but never used
      OS_FLAGS      flags;
..\..\uCOS-III\Source\os_int.c(165): warning:  #550-D: variable "msg_size" was set but never used
      OS_MSG_SIZE   msg_size;
..\..\uCOS-III\Source\os_int.c: 3 warnings, 0 errors
compiling os_mem.c...
compiling os_msg.c...
compiling os_mutex.c...
compiling os_pend_multi.c...
compiling os_prio.c...
compiling os_q.c...
compiling os_sem.c...
compiling os_stat.c...
compiling os_task.c...
compiling os_tick.c...
compiling os_time.c...
compiling os_tmr.c...
compiling os_var.c...
assembling os_cpu_a.asm...
compiling os_cpu_c.c...
compiling lib_ascii.c...
compiling lib_math.c...
compiling lib_mem.c...
compiling lib_str.c...
assembling cpu_a.asm...
compiling cpu_c.c...
compiling cpu_core.c...
compiling os_app_hooks.c...
compiling CString.c...
compiling Queue.c...
compiling SystemCore.c...
linking...
Program Size: Code=36332 RO-data=3492 RW-data=2216 ZI-data=6440  
FromELF: creating hex file...
"..\..\Output\Template.axf" - 0 Error(s), 10 Warning(s).
Load "..\\..\\Output\\Template.axf" 
Set JLink Project File to "E:\_STM32F103c8t6_Pros\Base_uCOS-III_WaterHeat\Project\RVMDK（uv4）\JLinkSettings.ini"
* JLink Info: Device "STM32F103C8" selected (64 KB flash, 20 KB RAM).
 
JLink info:
------------
DLL: V4.80g, compiled Feb 13 2014 20:50:02
Firmware: J-Link ARM V8 compiled Nov 25 2013 19:20:08
Hardware: V8.00
S/N : 99999998 
Feature(s) : RDI,FlashDL,FlashBP,JFlash,GDBFULL 
 
* JLink Info: STM32F1xxx: Can not attach to CPU. Trying connect under reset.
**JLink Warning: RESET (pin 15) high, but should be low. Please check target hardware.
***JLink Error: Supply voltage too low (1 Volt is required, Measured: 0.5 Volt).
Please check target power.
Error: Flash Download failed  -  Target DLL has been cancelled
Load "..\\..\\Output\\Template.axf" 
Set JLink Project File to "E:\_STM32F103c8t6_Pros\Base_uCOS-III_WaterHeat\Project\RVMDK（uv4）\JLinkSettings.ini"
* JLink Info: Device "STM32F103C8" selected (64 KB flash, 20 KB RAM).
 
JLink info:
------------
DLL: V4.80g, compiled Feb 13 2014 20:50:02
Firmware: J-Link ARM V8 compiled Nov 25 2013 19:20:08
Hardware: V8.00
S/N : 99999998 
Feature(s) : RDI,FlashDL,FlashBP,JFlash,GDBFULL 
 
* JLink Info: STM32F1xxx: Can not attach to CPU. Trying connect under reset.
**JLink Warning: RESET (pin 15) high, but should be low. Please check target hardware.
***JLink Error: Supply voltage too low (1 Volt is required, Measured: 0.5 Volt).
Please check target power.
Error: Flash Download failed  -  Target DLL has been cancelled
Load "..\\..\\Output\\Template.axf" 
Set JLink Project File to "E:\_STM32F103c8t6_Pros\Base_uCOS-III_WaterHeat\Project\RVMDK（uv4）\JLinkSettings.ini"
* JLink Info: Device "STM32F103C8" selected (64 KB flash, 20 KB RAM).
 
JLink info:
------------
DLL: V4.80g, compiled Feb 13 2014 20:50:02
Firmware: J-Link ARM V8 compiled Nov 25 2013 19:20:08
Hardware: V8.00
S/N : 99999998 
Feature(s) : RDI,FlashDL,FlashBP,JFlash,GDBFULL 
 
* JLink Info: Found SWD-DP with ID 0x1BA01477
* JLink Info: Found SWD-DP with ID 0x1BA01477
* JLink Info: Found Cortex-M3 r1p1, Little endian.
* JLink Info: FPUnit: 6 code (BP) slots and 2 literal slots
* JLink Info: TPIU fitted.
ROMTableAddr = 0xE00FF003
 
Target info:
------------
Device: STM32F103C8
VTarget = 3.138V
State of Pins: 
TCK: 0, TDI: 0, TDO: 0, TMS: 1, TRES: 1, TRST: 1
Hardware-Breakpoints: 6
Software-Breakpoints: 8192
Watchpoints:          4
JTAG speed: 2000 kHz
 
Erase Done.
Programming Done.
Verify OK.
Application running ...
</pre>
</body>
</html>
