ARM Linker, 5.03 [Build 76] [MDK-ARM Standard]

==============================================================================

Section Cross References

    startup_stm32f10x_hd.o(RESET) refers to startup_stm32f10x_hd.o(STACK) for __initial_sp
    startup_stm32f10x_hd.o(RESET) refers to startup_stm32f10x_hd.o(.text) for Reset_Handler
    startup_stm32f10x_hd.o(RESET) refers to stm32f10x_it.o(.text) for NMI_Handler
    startup_stm32f10x_hd.o(RESET) refers to os_cpu_a.o(.text) for OS_CPU_PendSVHandler
    startup_stm32f10x_hd.o(.text) refers to system_stm32f10x.o(.text) for SystemInit
    startup_stm32f10x_hd.o(.text) refers to entry.o(.ARM.Collect$$$$00000000) for __main
    system_stm32f10x.o(.text) refers to system_stm32f10x.o(.data) for SystemCoreClock
    stm32f10x_adc.o(.text) refers to stm32f10x_rcc.o(.text) for RCC_APB2PeriphResetCmd
    stm32f10x_bkp.o(.text) refers to stm32f10x_rcc.o(.text) for RCC_BackupResetCmd
    stm32f10x_can.o(.text) refers to stm32f10x_rcc.o(.text) for RCC_APB1PeriphResetCmd
    stm32f10x_cec.o(.text) refers to stm32f10x_rcc.o(.text) for RCC_APB1PeriphResetCmd
    stm32f10x_dac.o(.text) refers to stm32f10x_rcc.o(.text) for RCC_APB1PeriphResetCmd
    stm32f10x_gpio.o(.text) refers to stm32f10x_rcc.o(.text) for RCC_APB2PeriphResetCmd
    stm32f10x_i2c.o(.text) refers to stm32f10x_rcc.o(.text) for RCC_APB1PeriphResetCmd
    stm32f10x_pwr.o(.text) refers to stm32f10x_rcc.o(.text) for RCC_APB1PeriphResetCmd
    stm32f10x_rcc.o(.text) refers to stm32f10x_rcc.o(.data) for APBAHBPrescTable
    stm32f10x_spi.o(.text) refers to stm32f10x_rcc.o(.text) for RCC_APB2PeriphResetCmd
    stm32f10x_tim.o(.text) refers to stm32f10x_rcc.o(.text) for RCC_APB2PeriphResetCmd
    stm32f10x_usart.o(.text) refers to stm32f10x_rcc.o(.text) for RCC_APB2PeriphResetCmd
    stm32f10x_wwdg.o(.text) refers to stm32f10x_rcc.o(.text) for RCC_APB1PeriphResetCmd
    main.o(.text) refers to bsp.o(.text) for BSP_Init
    main.o(.text) refers to os_core.o(.text) for OSInit
    main.o(.text) refers to os_task.o(.text) for OSTaskCreate
    main.o(.text) refers to main.o(.bss) for StartUp_Stk
    main.o(.text) refers to app.o(.text) for Task_Start
    stm32f10x_it.o(.text) refers to os_core.o(.text) for OSIntEnter
    stm32f10x_it.o(.text) refers to os_time.o(.text) for OSTimeTick
    oled.o(.text) refers to stm32f10x_gpio.o(.text) for GPIO_ResetBits
    oled.o(.text) refers to stm32f10x_rcc.o(.text) for RCC_APB2PeriphClockCmd
    oled.o(.text) refers to oled.o(.constdata) for F6x8
    oled.o(.text) refers to oled.o(.data) for dianchi
    tempcontrol.o(.text) refers to flash.o(.text) for WriteFlash
    tempcontrol.o(.text) refers to ds18b20.o(.text) for DS18B20_Get_Temp
    tempcontrol.o(.text) refers to tempcontrol.o(.data) for getTime
    tempcontrol.o(.text) refers to breathled.o(.data) for BreathLedEnable
    breathled.o(.text) refers to pwm.o(.text) for TIM4_PWM_Init
    breathled.o(.text) refers to stm32f10x_tim.o(.text) for TIM_SetCompare1
    breathled.o(.text) refers to breathled.o(.data) for BreathLedEnable
    delay.o(.text) refers to misc.o(.text) for SysTick_CLKSourceConfig
    delay.o(.text) refers to system_stm32f10x.o(.data) for SystemCoreClock
    delay.o(.text) refers to delay.o(.data) for fac_us
    ds18b20.o(.text) refers to stm32f10x_rcc.o(.text) for RCC_APB2PeriphClockCmd
    ds18b20.o(.text) refers to stm32f10x_gpio.o(.text) for GPIO_Init
    ds18b20.o(.text) refers to fflti.o(.text) for __aeabi_i2f
    ds18b20.o(.text) refers to f2d.o(.text) for __aeabi_f2d
    ds18b20.o(.text) refers to dmul.o(.text) for __aeabi_dmul
    ds18b20.o(.text) refers to dfixi.o(.text) for __aeabi_d2iz
    flash.o(.text) refers to stm32f10x_flash.o(.text) for FLASH_Unlock
    flash.o(.text) refers to flash.o(.data) for StartAddress
    flash.o(.text) refers to tempcontrol.o(.data) for TempPara
    iwdg.o(.text) refers to stm32f10x_iwdg.o(.text) for IWDG_WriteAccessCmd
    keyex.o(.text) refers to stm32f10x_rcc.o(.text) for RCC_APB2PeriphClockCmd
    keyex.o(.text) refers to stm32f10x_gpio.o(.text) for GPIO_Init
    keyex.o(.text) refers to keyex.o(.data) for Keys
    keyex.o(.text) refers to tempcontrol.o(.data) for TempPara
    keyex.o(.data) refers to keyex.o(.text) for DoKey1Event
    pwm.o(.text) refers to stm32f10x_rcc.o(.text) for RCC_APB1PeriphClockCmd
    pwm.o(.text) refers to stm32f10x_gpio.o(.text) for GPIO_Init
    pwm.o(.text) refers to stm32f10x_tim.o(.text) for TIM_TimeBaseInit
    pwm.o(.text) refers to misc.o(.text) for NVIC_Init
    relay.o(.text) refers to stm32f10x_rcc.o(.text) for RCC_APB2PeriphClockCmd
    relay.o(.text) refers to stm32f10x_gpio.o(.text) for GPIO_Init
    sound.o(.text) refers to stm32f10x_rcc.o(.text) for RCC_APB2PeriphClockCmd
    sound.o(.text) refers to stm32f10x_gpio.o(.text) for GPIO_Init
    sound.o(.text) refers to delay.o(.text) for delay_ms
    stm32f10x_ucos_delay.o(.text) refers to stm32f10x_rcc.o(.text) for RCC_APB1PeriphClockCmd
[...]
    .data                                    0x200007c0   Section        4  delay.o(.data)
    fac_us                                   0x200007c0   Data           1  delay.o(.data)
    fac_ms                                   0x200007c2   Data           2  delay.o(.data)
    .data                                    0x200007c4   Section        5  flash.o(.data)
    .data                                    0x200007cc   Section       27  keyex.o(.data)
    .data                                    0x200007e7   Section        1  app.o(.data)
    .data                                    0x200007e8   Section        4  os_prio.o(.data)
    .data                                    0x200007ec   Section      108  os_var.o(.data)
    .data                                    0x20000858   Section        4  os_cpu_c.o(.data)
    .data                                    0x2000085c   Section       73  cstring.o(.data)
    .bss                                     0x200008a8   Section      440  main.o(.bss)
    .bss                                     0x20000a60   Section     1320  app.o(.bss)
    LED1_TCB                                 0x20000a60   Data         120  app.o(.bss)
    LED1_Stk                                 0x20000ad8   Data         320  app.o(.bss)
    LED2_TCB                                 0x20000c18   Data         120  app.o(.bss)
    LED2_Stk                                 0x20000c90   Data         320  app.o(.bss)
    LED3_TCB                                 0x20000dd0   Data         120  app.o(.bss)
    LED3_Stk                                 0x20000e48   Data         320  app.o(.bss)
    .bss                                     0x20000f88   Section     2984  os_cfg_app.o(.bss)
    .bss                                     0x20001b30   Section      576  os_var.o(.bss)
    .bss                                     0x20001d70   Section       96  cstring.o(.bss)
    STACK                                    0x20001dd0   Section     1024  startup_stm32f10x_hd.o(STACK)

    Global Symbols

    Symbol Name                              Value     Ov Type        Size  Object(Section)

    BuildAttributes$$THM_ISAv4$P$D$K$B$S$PE$A:L22UL41UL21$X:L11$S22US41US21$IEEE1$IW$USESV6$~STKCKD$USESV7$~SHL$OTIME$ROPI$IEEEJ$EBA8$MICROLIB$REQ8$PRES8$EABIv2 0x00000000   Number         0  anon$$obj.o ABSOLUTE
    __ARM_use_no_argv                        0x00000000   Number         0  main.o ABSOLUTE
    _printf_a                                0x00000000   Number         0  stubs.o ABSOLUTE
    _printf_c                                0x00000000   Number         0  stubs.o ABSOLUTE
    _printf_charcount                        0x00000000   Number         0  stubs.o ABSOLUTE
    _printf_d                                0x00000000   Number         0  stubs.o ABSOLUTE
    _printf_e                                0x00000000   Number         0  stubs.o ABSOLUTE
    _printf_f                                0x00000000   Number         0  stubs.o ABSOLUTE
    _printf_flags                            0x00000000   Number         0  stubs.o ABSOLUTE
    _printf_fp_dec                           0x00000000   Number         0  stubs.o ABSOLUTE
    _printf_fp_hex                           0x00000000   Number         0  stubs.o ABSOLUTE
    _printf_g                                0x00000000   Number         0  stubs.o ABSOLUTE
    _printf_i                                0x00000000   Number         0  stubs.o ABSOLUTE
    _printf_int_dec                          0x00000000   Number         0  stubs.o ABSOLUTE
    _printf_l                                0x00000000   Number         0  stubs.o ABSOLUTE
    _printf_lc                               0x00000000   Number         0  stubs.o ABSOLUTE
    _printf_ll                               0x00000000   Number         0  stubs.o ABSOLUTE
    _printf_lld                              0x00000000   Number         0  stubs.o ABSOLUTE
    _printf_lli                              0x00000000   Number         0  stubs.o ABSOLUTE
    _printf_llo                              0x00000000   Number         0  stubs.o ABSOLUTE
    _printf_llu                              0x00000000   Number         0  stubs.o ABSOLUTE
    _printf_llx                              0x00000000   Number         0  stubs.o ABSOLUTE
    _printf_longlong_dec                     0x00000000   Number         0  stubs.o ABSOLUTE
    _printf_longlong_hex                     0x00000000   Number         0  stubs.o ABSOLUTE
    _printf_longlong_oct                     0x00000000   Number         0  stubs.o ABSOLUTE
    _printf_ls                               0x00000000   Number         0  stubs.o ABSOLUTE
    _printf_mbtowc                           0x00000000   Number         0  stubs.o ABSOLUTE
    _printf_n                                0x00000000   Number         0  stubs.o ABSOLUTE
    _printf_o                                0x00000000   Number         0  stubs.o ABSOLUTE
    _printf_p                                0x00000000   Number         0  stubs.o ABSOLUTE
    _printf_percent                          0x00000000   Number         0  stubs.o ABSOLUTE
    _printf_pre_padding                      0x00000000   Number         0  stubs.o ABSOLUTE
    _printf_return_value                     0x00000000   Number         0  stubs.o ABSOLUTE
    _printf_s                                0x00000000   Number         0  stubs.o ABSOLUTE
    _printf_sizespec                         0x00000000   Number         0  stubs.o ABSOLUTE
    _printf_str                              0x00000000   Number         0  stubs.o ABSOLUTE
    _printf_truncate_signed                  0x00000000   Number         0  stubs.o ABSOLUTE
    _printf_truncate_unsigned                0x00000000   Number         0  stubs.o ABSOLUTE
    _printf_u                                0x00000000   Number         0  stubs.o ABSOLUTE
    _printf_wc                               0x00000000   Number         0  stubs.o ABSOLUTE
    _printf_wctomb                           0x00000000   Number         0  stubs.o ABSOLUTE
    _printf_widthprec                        0x00000000   Number         0  stubs.o ABSOLUTE
    _printf_x                                0x00000000   Number         0  stubs.o ABSOLUTE
    __cpp_initialize__aeabi_                  - Undefined Weak Reference
    __cxa_finalize                            - Undefined Weak Reference
    _clock_init                               - Undefined Weak Reference
    _microlib_exit                            - Undefined Weak Reference
    __Vectors_Size                           0x00000130   Number         0  startup_stm32f10x_hd.o ABSOLUTE
    __Vectors                                0x08000000   Data           4  startup_stm32f10x_hd.o(RESET)
    __Vectors_End                            0x08000130   Data           0  startup_stm32f10x_hd.o(RESET)
    __main                                   0x08000131   Thumb Code     0  entry.o(.ARM.Collect$$$$00000000)
    _main_stk                                0x08000131   Thumb Code     0  entry2.o(.ARM.Collect$$$$00000001)
    _main_scatterload                        0x08000135   Thumb Code     0  entry5.o(.ARM.Collect$$$$00000004)
    __main_after_scatterload                 0x08000139   Thumb Code     0  entry5.o(.ARM.Collect$$$$00000004)
    _main_clock                              0x08000139   Thumb Code     0  entry7b.o(.ARM.Collect$$$$00000008)
    _main_cpp_init                           0x08000139   Thumb Code     0  entry8b.o(.ARM.Collect$$$$0000000A)
    _main_init                               0x08000139   Thumb Code     0  entry9a.o(.ARM.Collect$$$$0000000B)
    __rt_final_cpp                           0x08000141   Thumb Code     0  entry10a.o(.ARM.Collect$$$$0000000D)
    __rt_final_exit                          0x08000141   Thumb Code     0  entry11a.o(.ARM.Collect$$$$0000000F)
    Reset_Handler                            0x08000145   Thumb Code     8  startup_stm32f10x_hd.o(.text)
    ADC1_2_IRQHandler                        0x0800015f   Thumb Code     0  startup_stm32f10x_hd.o(.text)
    ADC3_IRQHandler                          0x0800015f   Thumb Code     0  startup_stm32f10x_hd.o(.text)
    CAN1_RX1_IRQHandler                      0x0800015f   Thumb Code     0  startup_stm32f10x_hd.o(.text)
    CAN1_SCE_IRQHandler                      0x0800015f   Thumb Code     0  startup_stm32f10x_hd.o(.text)
    DMA1_Channel1_IRQHandler                 0x0800015f   Thumb Code     0  startup_stm32f10x_hd.o(.text)
    DMA1_Channel2_IRQHandler                 0x0800015f   Thumb Code     0  startup_stm32f10x_hd.o(.text)
    DMA1_Channel3_IRQHandler                 0x0800015f   Thumb Code     0  startup_stm32f10x_hd.o(.text)
    DMA1_Channel4_IRQHandler                 0x0800015f   Thumb Code     0  startup_stm32f10x_hd.o(.text)
    DMA1_Channel5_IRQHandler                 0x0800015f   Thumb Code     0  startup_stm32f10x_hd.o(.text)
    DMA1_Channel6_IRQHandler                 0x0800015f   Thumb Code     0  startup_stm32f10x_hd.o(.text)
    DMA1_Channel7_IRQHandler                 0x0800015f   Thumb Code     0  startup_stm32f10x_hd.o(.text)
    DMA2_Channel1_IRQHandler                 0x0800015f   Thumb Code     0  startup_stm32f10x_hd.o(.text)
    DMA2_Channel2_IRQHandler                 0x0800015f   Thumb Code     0  startup_stm32f10x_hd.o(.text)
    DMA2_Channel3_IRQHandler                 0x0800015f   Thumb Code     0  startup_stm32f10x_hd.o(.text)
    DMA2_Channel4_5_IRQHandler               0x0800015f   Thumb Code     0  startup_stm32f10x_hd.o(.text)
    EXTI0_IRQHandler                         0x0800015f   Thumb Code     0  startup_stm32f10x_hd.o(.text)
    EXTI15_10_IRQHandler                     0x0800015f   Thumb Code     0  startup_stm32f10x_hd.o(.text)
    EXTI1_IRQHandler                         0x0800015f   Thumb Code     0  startup_stm32f10x_hd.o(.text)
    EXTI2_IRQHandler                         0x0800015f   Thumb Code     0  startup_stm32f10x_hd.o(.text)
    EXTI3_IRQHandler                         0x0800015f   Thumb Code     0  startup_stm32f10x_hd.o(.text)
    EXTI4_IRQHandler                         0x0800015f   Thumb Code     0  startup_stm32f10x_hd.o(.text)
    EXTI9_5_IRQHandler                       0x0800015f   Thumb Code     0  startup_stm32f10x_hd.o(.text)
    FLASH_IRQHandler                         0x0800015f   Thumb Code     0  startup_stm32f10x_hd.o(.text)
    FSMC_IRQHandler                          0x0800015f   Thumb Code     0  startup_stm32f10x_hd.o(.text)
    I2C1_ER_IRQHandler                       0x0800015f   Thumb Code     0  startup_stm32f10x_hd.o(.text)
    I2C1_EV_IRQHandler                       0x0800015f   Thumb Code     0  startup_stm32f10x_hd.o(.text)
    I2C2_ER_IRQHandler                       0x0800015f   Thumb Code     0  startup_stm32f10x_hd.o(.text)
    I2C2_EV_IRQHandler                       0x0800015f   Thumb Code     0  startup_stm32f10x_hd.o(.text)
    PVD_IRQHandler                           0x0800015f   Thumb Code     0  startup_stm32f10x_hd.o(.text)
    RCC_IRQHandler                           0x0800015f   Thumb Code     0  startup_stm32f10x_hd.o(.text)
    RTCAlarm_IRQHandler                      0x0800015f   Thumb Code     0  startup_stm32f10x_hd.o(.text)
    RTC_IRQHandler                           0x0800015f   Thumb Code     0  startup_stm32f10x_hd.o(.text)
    SDIO_IRQHandler                          0x0800015f   Thumb Code     0  startup_stm32f10x_hd.o(.text)
    SPI1_IRQHandler                          0x0800015f   Thumb Code     0  startup_stm32f10x_hd.o(.text)
    SPI2_IRQHandler                          0x0800015f   Thumb Code     0  startup_stm32f10x_hd.o(.text)
    SPI3_IRQHandler                          0x0800015f   Thumb Code     0  startup_stm32f10x_hd.o(.text)
    TAMPER_IRQHandler                        0x0800015f   Thumb Code     0  startup_stm32f10x_hd.o(.text)
    TIM1_BRK_IRQHandler                      0x0800015f   Thumb Code     0  startup_stm32f10x_hd.o(.text)
    TIM1_CC_IRQHandler                       0x0800015f   Thumb Code     0  startup_stm32f10x_hd.o(.text)
    TIM1_TRG_COM_IRQHandler                  0x0800015f   Thumb Code     0  startup_stm32f10x_hd.o(.text)
    TIM1_UP_IRQHandler                       0x0800015f   Thumb Code     0  startup_stm32f10x_hd.o(.text)
    TIM2_IRQHandler                          0x0800015f   Thumb Code     0  startup_stm32f10x_hd.o(.text)
    TIM3_IRQHandler                          0x0800015f   Thumb Code     0  startup_stm32f10x_hd.o(.text)
    TIM4_IRQHandler                          0x0800015f   Thumb Code     0  startup_stm32f10x_hd.o(.text)
    TIM5_IRQHandler                          0x0800015f   Thumb Code     0  startup_stm32f10x_hd.o(.text)
    TIM6_IRQHandler                          0x0800015f   Thumb Code     0  startup_stm32f10x_hd.o(.text)
    TIM7_IRQHandler                          0x0800015f   Thumb Code     0  startup_stm32f10x_hd.o(.text)
    TIM8_BRK_IRQHandler                      0x0800015f   Thumb Code     0  startup_stm32f10x_hd.o(.text)
    TIM8_CC_IRQHandler                       0x0800015f   Thumb Code     0  startup_stm32f10x_hd.o(.text)
    TIM8_TRG_COM_IRQHandler                  0x0800015f   Thumb Code     0  startup_stm32f10x_hd.o(.text)
    TIM8_UP_IRQHandler                       0x0800015f   Thumb Code     0  startup_stm32f10x_hd.o(.text)
    UART4_IRQHandler                         0x0800015f   Thumb Code     0  startup_stm32f10x_hd.o(.text)
    UART5_IRQHandler                         0x0800015f   Thumb Code     0  startup_stm32f10x_hd.o(.text)
    USART1_IRQHandler                        0x0800015f   Thumb Code     0  startup_stm32f10x_hd.o(.text)
    USART2_IRQHandler                        0x0800015f   Thumb Code     0  startup_stm32f10x_hd.o(.text)
    USART3_IRQHandler                        0x0800015f   Thumb Code     0  startup_stm32f10x_hd.o(.text)
    USBWakeUp_IRQHandler                     0x0800015f   Thumb Code     0  startup_stm32f10x_hd.o(.text)
    USB_HP_CAN1_TX_IRQHandler                0x0800015f   Thumb Code     0  startup_stm32f10x_hd.o(.text)
    USB_LP_CAN1_RX0_IRQHandler               0x0800015f   Thumb Code     0  startup_stm32f10x_hd.o(.text)
    WWDG_IRQHandler                          0x0800015f   Thumb Code     0  startup_stm32f10x_hd.o(.text)
    SystemInit                               0x08000245   Thumb Code    78  system_stm32f10x.o(.text)
    SystemCoreClockUpdate                    0x08000293   Thumb Code   142  system_stm32f10x.o(.text)
    NVIC_PriorityGroupConfig                 0x08000345   Thumb Code    10  misc.o(.text)
    NVIC_Init                                0x0800034f   Thumb Code   102  misc.o(.text)
    NVIC_SetVectorTable                      0x080003b5   Thumb Code    14  misc.o(.text)
    NVIC_SystemLPConfig                      0x080003c3   Thumb Code    34  misc.o(.text)
    SysTick_CLKSourceConfig                  0x080003e5   Thumb Code    40  misc.o(.text)
    FLASH_SetLatency                         0x08000421   Thumb Code    18  stm32f10x_flash.o(.text)
    FLASH_HalfCycleAccessCmd                 0x08000433   Thumb Code    22  stm32f10x_flash.o(.text)
    FLASH_PrefetchBufferCmd                  0x08000449   Thumb Code    22  stm32f10x_flash.o(.text)
    FLASH_Unlock                             0x0800045f   Thumb Code    12  stm32f10x_flash.o(.text)
    FLASH_UnlockBank1                        0x0800046b   Thumb Code    12  stm32f10x_flash.o(.text)
    FLASH_Lock                               0x08000477   Thumb Code    14  stm32f10x_flash.o(.text)
    FLASH_LockBank1                          0x08000485   Thumb Code    14  stm32f10x_flash.o(.text)
    FLASH_GetBank1Status                     0x08000493   Thumb Code    48  stm32f10x_flash.o(.text)
    FLASH_WaitForLastOperation               0x080004c3   Thumb Code    38  stm32f10x_flash.o(.text)
    FLASH_ErasePage                          0x080004e9   Thumb Code    72  stm32f10x_flash.o(.text)
    FLASH_EraseAllPages                      0x08000531   Thumb Code    68  stm32f10x_flash.o(.text)
    FLASH_WaitForLastBank1Operation          0x08000575   Thumb Code    38  stm32f10x_flash.o(.text)
    FLASH_EraseAllBank1Pages                 0x0800059b   Thumb Code    68  stm32f10x_flash.o(.text)
    FLASH_GetReadOutProtectionStatus         0x080005df   Thumb Code    20  stm32f10x_flash.o(.text)
    FLASH_EraseOptionBytes                   0x080005f3   Thumb Code   150  stm32f10x_flash.o(.text)
    FLASH_ProgramWord                        0x08000689   Thumb Code   102  stm32f10x_flash.o(.text)
    FLASH_ProgramHalfWord                    0x080006ef   Thumb Code    60  stm32f10x_flash.o(.text)
    FLASH_ProgramOptionByteData              0x0800072b   Thumb Code    72  stm32f10x_flash.o(.text)
    FLASH_EnableWriteProtection              0x08000773   Thumb Code   200  stm32f10x_flash.o(.text)
    FLASH_ReadOutProtection                  0x0800083b   Thumb Code   156  stm32f10x_flash.o(.text)
    FLASH_UserOptionByteConfig               0x080008d7   Thumb Code    88  stm32f10x_flash.o(.text)
    FLASH_GetUserOptionByte                  0x0800092f   Thumb Code     8  stm32f10x_flash.o(.text)
    FLASH_GetWriteProtectionOptionByte       0x08000937   Thumb Code     6  stm32f10x_flash.o(.text)
    FLASH_GetPrefetchBufferStatus            0x0800093d   Thumb Code    20  stm32f10x_flash.o(.text)
    FLASH_ITConfig                           0x08000951   Thumb Code    26  stm32f10x_flash.o(.text)
    FLASH_GetFlagStatus                      0x0800096b   Thumb Code    42  stm32f10x_flash.o(.text)
    FLASH_ClearFlag                          0x08000995   Thumb Code     6  stm32f10x_flash.o(.text)
    FLASH_GetStatus                          0x0800099b   Thumb Code    48  stm32f10x_flash.o(.text)
    GPIO_DeInit                              0x080009dd   Thumb Code   172  stm32f10x_gpio.o(.text)
    GPIO_AFIODeInit                          0x08000a89   Thumb Code    20  stm32f10x_gpio.o(.text)
    GPIO_Init                                0x08000a9d   Thumb Code   274  stm32f10x_gpio.o(.text)
    GPIO_StructInit                          0x08000baf   Thumb Code    16  stm32f10x_gpio.o(.text)
    GPIO_ReadInputDataBit                    0x08000bbf   Thumb Code    18  stm32f10x_gpio.o(.text)
    GPIO_ReadInputData                       0x08000bd1   Thumb Code     8  stm32f10x_gpio.o(.text)
    GPIO_ReadOutputDataBit                   0x08000bd9   Thumb Code    18  stm32f10x_gpio.o(.text)
    GPIO_ReadOutputData                      0x08000beb   Thumb Code     8  stm32f10x_gpio.o(.text)
    GPIO_SetBits                             0x08000bf3   Thumb Code     4  stm32f10x_gpio.o(.text)
    GPIO_ResetBits                           0x08000bf7   Thumb Code     4  stm32f10x_gpio.o(.text)
    GPIO_WriteBit                            0x08000bfb   Thumb Code    10  stm32f10x_gpio.o(.text)
    GPIO_Write                               0x08000c05   Thumb Code     4  stm32f10x_gpio.o(.text)
    GPIO_PinLockConfig                       0x08000c09   Thumb Code    18  stm32f10x_gpio.o(.text)
    GPIO_EventOutputConfig                   0x08000c1b   Thumb Code    26  stm32f10x_gpio.o(.text)
    GPIO_EventOutputCmd                      0x08000c35   Thumb Code     6  stm32f10x_gpio.o(.text)
    GPIO_PinRemapConfig                      0x08000c3b   Thumb Code   138  stm32f10x_gpio.o(.text)
    GPIO_EXTILineConfig                      0x08000cc5   Thumb Code    66  stm32f10x_gpio.o(.text)
    GPIO_ETH_MediaInterfaceConfig            0x08000d07   Thumb Code     6  stm32f10x_gpio.o(.text)
    IWDG_WriteAccessCmd                      0x08000d35   Thumb Code     6  stm32f10x_iwdg.o(.text)
    IWDG_SetPrescaler                        0x08000d3b   Thumb Code     6  stm32f10x_iwdg.o(.text)
    IWDG_SetReload                           0x08000d41   Thumb Code     6  stm32f10x_iwdg.o(.text)
    IWDG_ReloadCounter                       0x08000d47   Thumb Code    10  stm32f10x_iwdg.o(.text)
    IWDG_Enable                              0x08000d51   Thumb Code    10  stm32f10x_iwdg.o(.text)
    IWDG_GetFlagStatus                       0x08000d5b   Thumb Code    20  stm32f10x_iwdg.o(.text)
    RCC_DeInit                               0x08000d75   Thumb Code    64  stm32f10x_rcc.o(.text)
    RCC_HSEConfig                            0x08000db5   Thumb Code    70  stm32f10x_rcc.o(.text)
    RCC_GetFlagStatus                        0x08000dfb   Thumb Code    56  stm32f10x_rcc.o(.text)
    RCC_WaitForHSEStartUp                    0x08000e33   Thumb Code    56  stm32f10x_rcc.o(.text)
    RCC_AdjustHSICalibrationValue            0x08000e6b   Thumb Code    20  stm32f10x_rcc.o(.text)
    RCC_HSICmd                               0x08000e7f   Thumb Code     6  stm32f10x_rcc.o(.text)
    RCC_PLLConfig                            0x08000e85   Thumb Code    24  stm32f10x_rcc.o(.text)
    RCC_PLLCmd                               0x08000e9d   Thumb Code     6  stm32f10x_rcc.o(.text)
    RCC_SYSCLKConfig                         0x08000ea3   Thumb Code    18  stm32f10x_rcc.o(.text)
    RCC_GetSYSCLKSource                      0x08000eb5   Thumb Code    10  stm32f10x_rcc.o(.text)
    RCC_HCLKConfig                           0x08000ebf   Thumb Code    18  stm32f10x_rcc.o(.text)
    RCC_PCLK1Config                          0x08000ed1   Thumb Code    18  stm32f10x_rcc.o(.text)
    RCC_PCLK2Config                          0x08000ee3   Thumb Code    20  stm32f10x_rcc.o(.text)
    RCC_ITConfig                             0x08000ef7   Thumb Code    26  stm32f10x_rcc.o(.text)
    RCC_USBCLKConfig                         0x08000f11   Thumb Code     6  stm32f10x_rcc.o(.text)
    RCC_ADCCLKConfig                         0x08000f17   Thumb Code    18  stm32f10x_rcc.o(.text)
    RCC_LSEConfig                            0x08000f29   Thumb Code    44  stm32f10x_rcc.o(.text)
    RCC_LSICmd                               0x08000f55   Thumb Code     6  stm32f10x_rcc.o(.text)
    RCC_RTCCLKConfig                         0x08000f5b   Thumb Code    12  stm32f10x_rcc.o(.text)
    RCC_RTCCLKCmd                            0x08000f67   Thumb Code     8  stm32f10x_rcc.o(.text)
    RCC_GetClocksFreq                        0x08000f6f   Thumb Code   192  stm32f10x_rcc.o(.text)
    RCC_AHBPeriphClockCmd                    0x0800102f   Thumb Code    26  stm32f10x_rcc.o(.text)
    RCC_APB2PeriphClockCmd                   0x08001049   Thumb Code    26  stm32f10x_rcc.o(.text)
    RCC_APB1PeriphClockCmd                   0x08001063   Thumb Code    26  stm32f10x_rcc.o(.text)
    RCC_APB2PeriphResetCmd                   0x0800107d   Thumb Code    26  stm32f10x_rcc.o(.text)
    RCC_APB1PeriphResetCmd                   0x08001097   Thumb Code    26  stm32f10x_rcc.o(.text)
    RCC_BackupResetCmd                       0x080010b1   Thumb Code     8  stm32f10x_rcc.o(.text)
    RCC_ClockSecuritySystemCmd               0x080010b9   Thumb Code     6  stm32f10x_rcc.o(.text)
    RCC_MCOConfig                            0x080010bf   Thumb Code     6  stm32f10x_rcc.o(.text)
    RCC_ClearFlag                            0x080010c5   Thumb Code    14  stm32f10x_rcc.o(.text)
    RCC_GetITStatus                          0x080010d3   Thumb Code    20  stm32f10x_rcc.o(.text)
    RCC_ClearITPendingBit                    0x080010e7   Thumb Code     6  stm32f10x_rcc.o(.text)
    TIM_DeInit                               0x08001119   Thumb Code   424  stm32f10x_tim.o(.text)
    TIM_TimeBaseInit                         0x080012c1   Thumb Code   122  stm32f10x_tim.o(.text)
    TIM_OC1Init                              0x0800133b   Thumb Code   132  stm32f10x_tim.o(.text)
    TIM_OC2Init                              0x080013bf   Thumb Code   154  stm32f10x_tim.o(.text)
    TIM_OC3Init                              0x08001459   Thumb Code   150  stm32f10x_tim.o(.text)
    TIM_OC4Init                              0x080014ef   Thumb Code   182  stm32f10x_tim.o(.text)
    TIM_SetIC4Prescaler                      0x080015a5   Thumb Code    26  stm32f10x_tim.o(.text)
    TIM_SetIC3Prescaler                      0x08001641   Thumb Code    18  stm32f10x_tim.o(.text)
    TIM_SetIC2Prescaler                      0x080016cd   Thumb Code    26  stm32f10x_tim.o(.text)
    TIM_SetIC1Prescaler                      0x08001769   Thumb Code    18  stm32f10x_tim.o(.text)
    TIM_ICInit                               0x080017e7   Thumb Code   150  stm32f10x_tim.o(.text)
    TIM_PWMIConfig                           0x0800187d   Thumb Code   124  stm32f10x_tim.o(.text)
    TIM_BDTRConfig                           0x080018f9   Thumb Code    32  stm32f10x_tim.o(.text)
    TIM_TimeBaseStructInit                   0x08001919   Thumb Code    18  stm32f10x_tim.o(.text)
    TIM_OCStructInit                         0x0800192b   Thumb Code    20  stm32f10x_tim.o(.text)
    TIM_ICStructInit                         0x0800193f   Thumb Code    18  stm32f10x_tim.o(.text)
    TIM_BDTRStructInit                       0x08001951   Thumb Code    40  stm32f10x_tim.o(.text)
    TIM_Cmd                                  0x08001979   Thumb Code    24  stm32f10x_tim.o(.text)
    TIM_CtrlPWMOutputs                       0x08001991   Thumb Code    30  stm32f10x_tim.o(.text)
    TIM_ITConfig                             0x080019af   Thumb Code    18  stm32f10x_tim.o(.text)
    TIM_GenerateEvent                        0x080019c1   Thumb Code     4  stm32f10x_tim.o(.text)
    TIM_DMAConfig                            0x080019c5   Thumb Code    10  stm32f10x_tim.o(.text)
    TIM_DMACmd                               0x080019cf   Thumb Code    18  stm32f10x_tim.o(.text)
    TIM_InternalClockConfig                  0x080019e1   Thumb Code    12  stm32f10x_tim.o(.text)
    TIM_SelectInputTrigger                   0x080019ed   Thumb Code    18  stm32f10x_tim.o(.text)
    TIM_ITRxExternalClockConfig              0x080019ff   Thumb Code    24  stm32f10x_tim.o(.text)
    TIM_TIxExternalClockConfig               0x08001a17   Thumb Code    62  stm32f10x_tim.o(.text)
    TIM_ETRConfig                            0x08001a55   Thumb Code    28  stm32f10x_tim.o(.text)
    TIM_ETRClockMode1Config                  0x08001a71   Thumb Code    54  stm32f10x_tim.o(.text)
    TIM_ETRClockMode2Config                  0x08001aa7   Thumb Code    32  stm32f10x_tim.o(.text)
    TIM_PrescalerConfig                      0x08001ac7   Thumb Code     6  stm32f10x_tim.o(.text)
    TIM_CounterModeConfig                    0x08001acd   Thumb Code    18  stm32f10x_tim.o(.text)
    TIM_EncoderInterfaceConfig               0x08001adf   Thumb Code    66  stm32f10x_tim.o(.text)
    TIM_ForcedOC1Config                      0x08001b21   Thumb Code    18  stm32f10x_tim.o(.text)
    TIM_ForcedOC2Config                      0x08001b33   Thumb Code    26  stm32f10x_tim.o(.text)
    TIM_ForcedOC3Config                      0x08001b4d   Thumb Code    18  stm32f10x_tim.o(.text)
    TIM_ForcedOC4Config                      0x08001b5f   Thumb Code    26  stm32f10x_tim.o(.text)
    TIM_ARRPreloadConfig                     0x08001b79   Thumb Code    24  stm32f10x_tim.o(.text)
    TIM_SelectCOM                            0x08001b91   Thumb Code    24  stm32f10x_tim.o(.text)
    TIM_SelectCCDMA                          0x08001ba9   Thumb Code    24  stm32f10x_tim.o(.text)
    TIM_CCPreloadControl                     0x08001bc1   Thumb Code    24  stm32f10x_tim.o(.text)
    TIM_OC1PreloadConfig                     0x08001bd9   Thumb Code    18  stm32f10x_tim.o(.text)
    TIM_OC2PreloadConfig                     0x08001beb   Thumb Code    26  stm32f10x_tim.o(.text)
    TIM_OC3PreloadConfig                     0x08001c05   Thumb Code    18  stm32f10x_tim.o(.text)
    TIM_OC4PreloadConfig                     0x08001c17   Thumb Code    26  stm32f10x_tim.o(.text)
    TIM_OC1FastConfig                        0x08001c31   Thumb Code    18  stm32f10x_tim.o(.text)
    TIM_OC2FastConfig                        0x08001c43   Thumb Code    26  stm32f10x_tim.o(.text)
    TIM_OC3FastConfig                        0x08001c5d   Thumb Code    18  stm32f10x_tim.o(.text)
    TIM_OC4FastConfig                        0x08001c6f   Thumb Code    26  stm32f10x_tim.o(.text)
    TIM_ClearOC1Ref                          0x08001c89   Thumb Code    18  stm32f10x_tim.o(.text)
    TIM_ClearOC2Ref                          0x08001c9b   Thumb Code    24  stm32f10x_tim.o(.text)
    TIM_ClearOC3Ref                          0x08001cb3   Thumb Code    18  stm32f10x_tim.o(.text)
    TIM_ClearOC4Ref                          0x08001cc5   Thumb Code    24  stm32f10x_tim.o(.text)
    TIM_OC1PolarityConfig                    0x08001cdd   Thumb Code    18  stm32f10x_tim.o(.text)
    TIM_OC1NPolarityConfig                   0x08001cef   Thumb Code    18  stm32f10x_tim.o(.text)
    TIM_OC2PolarityConfig                    0x08001d01   Thumb Code    26  stm32f10x_tim.o(.text)
    TIM_OC2NPolarityConfig                   0x08001d1b   Thumb Code    26  stm32f10x_tim.o(.text)
    TIM_OC3PolarityConfig                    0x08001d35   Thumb Code    26  stm32f10x_tim.o(.text)
    TIM_OC3NPolarityConfig                   0x08001d4f   Thumb Code    26  stm32f10x_tim.o(.text)
    TIM_OC4PolarityConfig                    0x08001d69   Thumb Code    26  stm32f10x_tim.o(.text)
    TIM_CCxCmd                               0x08001d83   Thumb Code    30  stm32f10x_tim.o(.text)
    TIM_CCxNCmd                              0x08001da1   Thumb Code    30  stm32f10x_tim.o(.text)
    TIM_SelectOCxM                           0x08001dbf   Thumb Code    82  stm32f10x_tim.o(.text)
    TIM_UpdateDisableConfig                  0x08001e11   Thumb Code    24  stm32f10x_tim.o(.text)
    TIM_UpdateRequestConfig                  0x08001e29   Thumb Code    24  stm32f10x_tim.o(.text)
    TIM_SelectHallSensor                     0x08001e41   Thumb Code    24  stm32f10x_tim.o(.text)
    TIM_SelectOnePulseMode                   0x08001e59   Thumb Code    18  stm32f10x_tim.o(.text)
    TIM_SelectOutputTrigger                  0x08001e6b   Thumb Code    18  stm32f10x_tim.o(.text)
    TIM_SelectSlaveMode                      0x08001e7d   Thumb Code    18  stm32f10x_tim.o(.text)
    TIM_SelectMasterSlaveMode                0x08001e8f   Thumb Code    18  stm32f10x_tim.o(.text)
    TIM_SetCounter                           0x08001ea1   Thumb Code     4  stm32f10x_tim.o(.text)
    TIM_SetAutoreload                        0x08001ea5   Thumb Code     4  stm32f10x_tim.o(.text)
    TIM_SetCompare1                          0x08001ea9   Thumb Code     4  stm32f10x_tim.o(.text)
    TIM_SetCompare2                          0x08001ead   Thumb Code     4  stm32f10x_tim.o(.text)
    TIM_SetCompare3                          0x08001eb1   Thumb Code     4  stm32f10x_tim.o(.text)
    TIM_SetCompare4                          0x08001eb5   Thumb Code     6  stm32f10x_tim.o(.text)
    TIM_SetClockDivision                     0x08001ebb   Thumb Code    18  stm32f10x_tim.o(.text)
    TIM_GetCapture1                          0x08001ecd   Thumb Code     6  stm32f10x_tim.o(.text)
    TIM_GetCapture2                          0x08001ed3   Thumb Code     6  stm32f10x_tim.o(.text)
    TIM_GetCapture3                          0x08001ed9   Thumb Code     6  stm32f10x_tim.o(.text)
    TIM_GetCapture4                          0x08001edf   Thumb Code     8  stm32f10x_tim.o(.text)
    TIM_GetCounter                           0x08001ee7   Thumb Code     6  stm32f10x_tim.o(.text)
    TIM_GetPrescaler                         0x08001eed   Thumb Code     6  stm32f10x_tim.o(.text)
    TIM_GetFlagStatus                        0x08001ef3   Thumb Code    18  stm32f10x_tim.o(.text)
    TIM_ClearFlag                            0x08001f05   Thumb Code     6  stm32f10x_tim.o(.text)
    TIM_GetITStatus                          0x08001f0b   Thumb Code    34  stm32f10x_tim.o(.text)
    TIM_ClearITPendingBit                    0x08001f2d   Thumb Code     6  stm32f10x_tim.o(.text)
    main                                     0x08001f35   Thumb Code    72  main.o(.text)
    NMI_Handler                              0x08001f91   Thumb Code     2  stm32f10x_it.o(.text)
    HardFault_Handler                        0x08001f93   Thumb Code     4  stm32f10x_it.o(.text)
    MemManage_Handler                        0x08001f97   Thumb Code     4  stm32f10x_it.o(.text)
    BusFault_Handler                         0x08001f9b   Thumb Code     4  stm32f10x_it.o(.text)
    UsageFault_Handler                       0x08001f9f   Thumb Code     4  stm32f10x_it.o(.text)
    SVC_Handler                              0x08001fa3   Thumb Code     2  stm32f10x_it.o(.text)
    DebugMon_Handler                         0x08001fa5   Thumb Code     2  stm32f10x_it.o(.text)
    SysTick_Handler                          0x08001fa7   Thumb Code    16  stm32f10x_it.o(.text)
    LCD_WrCmd                                0x08001fb9   Thumb Code    82  oled.o(.text)
    LCD_Set_Pos                              0x0800200b   Thumb Code    36  oled.o(.text)
    LCD_WrDat                                0x0800202f   Thumb Code    86  oled.o(.text)
    OLCD_Fill                                0x08002085   Thumb Code    58  oled.o(.text)
    LCD_DLY_ms                               0x080020bf   Thumb Code    28  oled.o(.text)
    OLED_Init                                0x080020db   Thumb Code   266  oled.o(.text)
    LCD_CLS                                  0x080021e5   Thumb Code    56  oled.o(.text)
    LCD_PutPixel                             0x0800221d   Thumb Code    72  oled.o(.text)
    LCD_Rectangle                            0x08002265   Thumb Code   132  oled.o(.text)
    LCD_P6x8Str                              0x080022e9   Thumb Code    96  oled.o(.text)
    LCD_P8x16Str                             0x08002349   Thumb Code   144  oled.o(.text)
    LCD_P14x16Str                            0x080023d9   Thumb Code   250  oled.o(.text)
    LCD_Print                                0x080024d3   Thumb Code   100  oled.o(.text)
    Draw_BMP                                 0x08002537   Thumb Code   106  oled.o(.text)
    Draw_BMP2                                0x080025a1   Thumb Code   128  oled.o(.text)
    Dis_Num                                  0x08002621   Thumb Code   160  oled.o(.text)
    Dis_err                                  0x080026c1   Thumb Code   150  oled.o(.text)
    Draw_Power                               0x08002757   Thumb Code   224  oled.o(.text)
    Draw_XH                                  0x08002837   Thumb Code    20  oled.o(.text)
    Draw_WZ                                  0x0800284b   Thumb Code    60  oled.o(.text)
    LED_PrintImage                           0x08002887   Thumb Code   202  oled.o(.text)
    GetTempValue                             0x08002959   Thumb Code   128  tempcontrol.o(.text)
    TempControlTimerDelegate                 0x080029d9   Thumb Code   284  tempcontrol.o(.text)
    BreathLedInit                            0x08002b11   Thumb Code     8  breathled.o(.text)
    BreathLedTimerDelegate                   0x08002b19   Thumb Code    92  breathled.o(.text)
    delay_init                               0x08002b85   Thumb Code    50  delay.o(.text)
    delay_us                                 0x08002bb7   Thumb Code    70  delay.o(.text)
    delay_ms                                 0x08002bfd   Thumb Code    70  delay.o(.text)
    my_delay_us                              0x08002c55   Thumb Code    26  ds18b20.o(.text)
    DS18B20_Rst                              0x08002c6f   Thumb Code    54  ds18b20.o(.text)
    DS18B20_Check                            0x08002ca5   Thumb Code    92  ds18b20.o(.text)
    DS18B20_Read_Bit                         0x08002d01   Thumb Code    96  ds18b20.o(.text)
    DS18B20_Read_Byte                        0x08002d61   Thumb Code    34  ds18b20.o(.text)
    DS18B20_Write_Byte                       0x08002d83   Thumb Code   106  ds18b20.o(.text)
    DS18B20_Start                            0x08002ded   Thumb Code    24  ds18b20.o(.text)
    DS18B20_Init                             0x08002e05   Thumb Code    54  ds18b20.o(.text)
    DS18B20_Get_Temp                         0x08002e3b   Thumb Code   132  ds18b20.o(.text)
    Readflash                                0x08002ed5   Thumb Code    12  flash.o(.text)
    WriteFlash                               0x08002ee1   Thumb Code    98  flash.o(.text)
    ReadFlash                                0x08002f43   Thumb Code    14  flash.o(.text)
    IWDG_Init                                0x08002f61   Thumb Code    34  iwdg.o(.text)
    KeyExtralInit                            0x08002f85   Thumb Code    40  keyex.o(.text)
    GetKeyExtralTotalStatus                  0x08002fad   Thumb Code    82  keyex.o(.text)
    KeyExTimerDelegate                       0x08002fff   Thumb Code   170  keyex.o(.text)
    DoKey1Event                              0x080030a9   Thumb Code    30  keyex.o(.text)
    DoKey2Event                              0x080030c7   Thumb Code    24  keyex.o(.text)
    DoKey3Event                              0x080030df   Thumb Code    24  keyex.o(.text)
    TIM3_PWM_Init                            0x080031a1   Thumb Code    12  pwm.o(.text)
    TIM4_PWM_Init                            0x08003259   Thumb Code    12  pwm.o(.text)
    TIM1_PWM_Init                            0x080032ef   Thumb Code    12  pwm.o(.text)
    TIM2_PWM_Init                            0x080033a3   Thumb Code    12  pwm.o(.text)
    RelayGpioInit                            0x080033c5   Thumb Code    56  relay.o(.text)
    sound_init                               0x0800340d   Thumb Code    50  sound.o(.text)
    kaiji_fmq                                0x0800343f   Thumb Code   158  sound.o(.text)
    up_fmq                                   0x080034dd   Thumb Code   122  sound.o(.text)
    down_fmq                                 0x08003557   Thumb Code   122  sound.o(.text)
    left_fmq                                 0x080035d1   Thumb Code   122  sound.o(.text)
    right_fmq                                0x0800364b   Thumb Code   122  sound.o(.text)
    ok_fmq                                   0x080036c5   Thumb Code    86  sound.o(.text)
    ok_hold_fmq                              0x0800371b   Thumb Code   154  sound.o(.text)
    Task_LED3                                0x080037bd   Thumb Code    28  app.o(.text)
    Task_LED2                                0x080037d9   Thumb Code   170  app.o(.text)
    Task_LED1                                0x08003883   Thumb Code    32  app.o(.text)
    Task_Start                               0x080038a3   Thumb Code   162  app.o(.text)
    SysTick_init                             0x08003a05   Thumb Code    46  bsp.o(.text)
    PLL_Configuration                        0x08003a33   Thumb Code   100  bsp.o(.text)
    BSP_Init                                 0x08003a97   Thumb Code    64  bsp.o(.text)
    LED_GPIO_Config                          0x08003ae9   Thumb Code    60  bsp_led.o(.text)
    OSCfg_Init                               0x08003b2d   Thumb Code    64  os_cfg_app.o(.text)
    OS_IdleTask                              0x08003be5   Thumb Code    60  os_core.o(.text)
    OS_IdleTaskInit                          0x08003c21   Thumb Code    68  os_core.o(.text)
    OS_RdyListInit                           0x08003c65   Thumb Code    32  os_core.o(.text)
    OSInit                                   0x08003c85   Thumb Code   162  os_core.o(.text)
    OSIntEnter                               0x08003d27   Thumb Code    34  os_core.o(.text)
    OSIntExit                                0x08003d49   Thumb Code   174  os_core.o(.text)
    OSSched                                  0x08003df7   Thumb Code   116  os_core.o(.text)
    OSSchedLock                              0x08003e6b   Thumb Code   100  os_core.o(.text)
    OSSchedUnlock                            0x08003ecf   Thumb Code   132  os_core.o(.text)
    OSSchedRoundRobinCfg                     0x08003f53   Thumb Code    88  os_core.o(.text)
    OS_RdyListMoveHeadToTail                 0x08003fab   Thumb Code   170  os_core.o(.text)
    OSSchedRoundRobinYield                   0x08004055   Thumb Code   164  os_core.o(.text)
    OSStart                                  0x080040f9   Thumb Code    78  os_core.o(.text)
    OSVersion                                0x08004147   Thumb Code    12  os_core.o(.text)
    OS_PendDbgNameAdd                        0x08004153   Thumb Code    58  os_core.o(.text)
    OS_PendListInsertPrio                    0x0800418d   Thumb Code   102  os_core.o(.text)
    OS_PendDataInit                          0x080041f3   Thumb Code    38  os_core.o(.text)
    OS_RdyListRemove                         0x08004219   Thumb Code    86  os_core.o(.text)
    OS_TaskBlock                             0x0800426f   Thumb Code    56  os_core.o(.text)
    OS_Pend                                  0x080042a7   Thumb Code    98  os_core.o(.text)
    OS_PendListRemove1                       0x08004309   Thumb Code    66  os_core.o(.text)
    OS_PendListRemove                        0x0800434b   Thumb Code    48  os_core.o(.text)
    OS_PendAbort1                            0x0800437b   Thumb Code    36  os_core.o(.text)
    OS_RdyListInsertHead                     0x0800439f   Thumb Code    58  os_core.o(.text)
    OS_RdyListInsertTail                     0x080043d9   Thumb Code    56  os_core.o(.text)
    OS_RdyListInsert                         0x08004411   Thumb Code   104  os_core.o(.text)
    OS_TaskRdy                               0x08004479   Thumb Code    28  os_core.o(.text)
    OS_PendAbort                             0x08004495   Thumb Code   162  os_core.o(.text)
    OS_PendDbgNameRemove                     0x08004537   Thumb Code    32  os_core.o(.text)
    OS_PendListChangePrio                    0x08004557   Thumb Code    70  os_core.o(.text)
    OS_PendListInit                          0x0800459d   Thumb Code    10  os_core.o(.text)
    OS_PendListInsertHead                    0x080045a7   Thumb Code    32  os_core.o(.text)
    OS_PendObjDel1                           0x080045c7   Thumb Code    36  os_core.o(.text)
    OS_PendObjDel                            0x080045eb   Thumb Code   158  os_core.o(.text)
    OS_Post1                                 0x08004689   Thumb Code    42  os_core.o(.text)
    OS_Post                                  0x080046b3   Thumb Code   186  os_core.o(.text)
    OS_Sched0                                0x0800476d   Thumb Code    56  os_core.o(.text)
    OS_SchedRoundRobin                       0x080047a5   Thumb Code   190  os_core.o(.text)
    OS_Dbg_Init                              0x08004889   Thumb Code   102  os_dbg.o(.text)
    OS_IntQPost                              0x080049b5   Thumb Code   210  os_int.o(.text)
    OS_IntQRePost                            0x08004a87   Thumb Code   200  os_int.o(.text)
    OS_IntQTask                              0x08004b4f   Thumb Code   130  os_int.o(.text)
    OS_IntQTaskInit                          0x08004bd1   Thumb Code   208  os_int.o(.text)
    OS_MemDbgListAdd                         0x08004d1d   Thumb Code    34  os_mem.o(.text)
    OSMemCreate                              0x08004d3f   Thumb Code   334  os_mem.o(.text)
    OSMemGet                                 0x08004e8d   Thumb Code   100  os_mem.o(.text)
    OSMemPut                                 0x08004ef1   Thumb Code   112  os_mem.o(.text)
    OS_MemInit                               0x08004f61   Thumb Code    14  os_mem.o(.text)
    OS_PrioInit                              0x08004f89   Thumb Code    20  os_prio.o(.text)
    OS_PrioGetHighest                        0x08004f9d   Thumb Code    36  os_prio.o(.text)
    OS_PrioInsert                            0x08004fc1   Thumb Code    32  os_prio.o(.text)
    OS_PrioRemove                            0x08004fe1   Thumb Code    32  os_prio.o(.text)
    OSStatReset                              0x08005005   Thumb Code    74  os_stat.o(.text)
    OSStatTaskCPUUsageInit                   0x0800504f   Thumb Code   168  os_stat.o(.text)
    OS_StatTask                              0x080050f7   Thumb Code   256  os_stat.o(.text)
    OS_StatTaskInit                          0x080051f7   Thumb Code   138  os_stat.o(.text)
    OS_TaskDbgListAdd                        0x080052e1   Thumb Code    34  os_task.o(.text)
    OS_TaskInitTCB                           0x08005303   Thumb Code   126  os_task.o(.text)
    OSTaskCreate                             0x08005381   Thumb Code   554  os_task.o(.text)
    OS_TaskDbgListRemove                     0x080055ab   Thumb Code    44  os_task.o(.text)
    OSTaskDel                                0x080055d7   Thumb Code   476  os_task.o(.text)
    OSTaskRegGet                             0x080057b3   Thumb Code    78  os_task.o(.text)
    OSTaskRegSet                             0x08005801   Thumb Code    78  os_task.o(.text)
    OSTaskResume                             0x0800584f   Thumb Code   362  os_task.o(.text)
    OSTaskSemPend                            0x080059b9   Thumb Code   380  os_task.o(.text)
    OS_TaskSemPost                           0x08005b35   Thumb Code   858  os_task.o(.text)
    OSTaskSemPost                            0x08005e8f   Thumb Code    68  os_task.o(.text)
    OSTaskSemSet                             0x08005ed3   Thumb Code    80  os_task.o(.text)
    OSTaskStkChk                             0x08005f23   Thumb Code   226  os_task.o(.text)
    OSTaskSuspend                            0x08006005   Thumb Code   372  os_task.o(.text)
    OSTaskTimeQuantaSet                      0x08006179   Thumb Code    96  os_task.o(.text)
    OS_TaskInit                              0x080061d9   Thumb Code    18  os_task.o(.text)
    OS_TaskReturn                            0x080061eb   Thumb Code    20  os_task.o(.text)
    OS_TickListRemove                        0x08006225   Thumb Code    56  os_tick.o(.text)
    OS_TickListUpdate                        0x0800625d   Thumb Code   466  os_tick.o(.text)
    OS_TickTask                              0x0800642f   Thumb Code    38  os_tick.o(.text)
    OS_TickListInit                          0x08006455   Thumb Code    32  os_tick.o(.text)
    OS_TickTaskInit                          0x08006475   Thumb Code    94  os_tick.o(.text)
    OS_TickListInsert                        0x080064d3   Thumb Code   500  os_tick.o(.text)
    OS_TickListResetPeak                     0x080066c7   Thumb Code    28  os_tick.o(.text)
    OSTimeDly                                0x080066ed   Thumb Code   266  os_time.o(.text)
    OSTimeDlyHMSM                            0x080067f7   Thumb Code   480  os_time.o(.text)
    OSTimeDlyResume                          0x080069d7   Thumb Code   436  os_time.o(.text)
    OSTimeGet                                0x08006b8b   Thumb Code    46  os_time.o(.text)
    OSTimeSet                                0x08006bb9   Thumb Code    46  os_time.o(.text)
    OSTimeTick                               0x08006be7   Thumb Code    50  os_time.o(.text)
    OSStartHighRdy                           0x08006c2d   Thumb Code     0  os_cpu_a.o(.text)
    OS_CPU_PendSVHandler                     0x08006c4f   Thumb Code     0  os_cpu_a.o(.text)
    OSIdleTaskHook                           0x08006cb1   Thumb Code     2  os_cpu_c.o(.text)
    OSInitHook                               0x08006cb3   Thumb Code    20  os_cpu_c.o(.text)
    OSStatTaskHook                           0x08006cc7   Thumb Code     2  os_cpu_c.o(.text)
    OSTaskCreateHook                         0x08006cc9   Thumb Code     2  os_cpu_c.o(.text)
    OSTaskDelHook                            0x08006ccb   Thumb Code     2  os_cpu_c.o(.text)
    OSTaskReturnHook                         0x08006ccd   Thumb Code     2  os_cpu_c.o(.text)
    OSTaskStkInit                            0x08006ccf   Thumb Code   188  os_cpu_c.o(.text)
    OSTaskSwHook                             0x08006d8b   Thumb Code     2  os_cpu_c.o(.text)
    OSTimeTickHook                           0x08006d8d   Thumb Code     2  os_cpu_c.o(.text)
    CPU_IntDis                               0x08006da1   Thumb Code     0  cpu_a.o(.text)
    CPU_IntEn                                0x08006da5   Thumb Code     0  cpu_a.o(.text)
    CPU_SR_Save                              0x08006da9   Thumb Code     0  cpu_a.o(.text)
    CPU_SR_Restore                           0x08006db1   Thumb Code     0  cpu_a.o(.text)
    CPU_CntLeadZeros                         0x08006db7   Thumb Code     0  cpu_a.o(.text)
    CPU_RevBits                              0x08006dbd   Thumb Code     0  cpu_a.o(.text)
    CPU_WaitForInt                           0x08006dc3   Thumb Code     0  cpu_a.o(.text)
    CPU_WaitForExcept                        0x08006dc7   Thumb Code     0  cpu_a.o(.text)
    Int16ToString                            0x08006dcd   Thumb Code    44  cstring.o(.text)
    CStringLetterLastIndexOf                 0x08006df9   Thumb Code    46  cstring.o(.text)
    CStringLenth                             0x08006e27   Thumb Code    18  cstring.o(.text)
    CStringAlignToLeft                       0x08006e39   Thumb Code    82  cstring.o(.text)
    IntToString                              0x08006e8b   Thumb Code   112  cstring.o(.text)
    IntToHexString                           0x08006efb   Thumb Code   122  cstring.o(.text)
    FloatToString2                           0x08006f75   Thumb Code    32  cstring.o(.text)
    FloatToString                            0x08006f95   Thumb Code   124  cstring.o(.text)
    BoolToString                             0x08007011   Thumb Code   116  cstring.o(.text)
    StringToint                              0x08007085   Thumb Code    72  cstring.o(.text)
    StringToInt                              0x080070cd   Thumb Code    20  cstring.o(.text)
    CStringLetterFirstIndexOf                0x080070e1   Thumb Code    46  cstring.o(.text)
    StringTofloat                            0x0800710f   Thumb Code   370  cstring.o(.text)
    StringToFloat                            0x08007281   Thumb Code    20  cstring.o(.text)
    CStringCatInt                            0x08007295   Thumb Code   156  cstring.o(.text)
    CStringConnact                           0x08007331   Thumb Code   140  cstring.o(.text)
    CStringConnact3                          0x080073bd   Thumb Code   158  cstring.o(.text)
    CStringAppend                            0x0800745b   Thumb Code    16  cstring.o(.text)
    CStringAfterLetterFisrt                  0x0800746b   Thumb Code   144  cstring.o(.text)
    CStringAfterLetterLast                   0x080074fb   Thumb Code   144  cstring.o(.text)
    CStringSubStringIndex                    0x0800758b   Thumb Code    50  cstring.o(.text)
    CStringSubStringLastIndex                0x080075bd   Thumb Code   104  cstring.o(.text)
    CStringLetterCount                       0x08007625   Thumb Code    26  cstring.o(.text)
    CStringContainsLetter                    0x0800763f   Thumb Code    26  cstring.o(.text)
    CStringSubString                         0x08007659   Thumb Code    50  cstring.o(.text)
    CStringContainsSubString                 0x0800768b   Thumb Code    24  cstring.o(.text)
    CStringReserse                           0x080076a3   Thumb Code    90  cstring.o(.text)
    CStringCompare                           0x080076fd   Thumb Code    16  cstring.o(.text)
    CStringRemoveAt                          0x0800770d   Thumb Code   180  cstring.o(.text)
    CStringInsert                            0x080077c1   Thumb Code   164  cstring.o(.text)
    CStringInsertRange                       0x08007865   Thumb Code   194  cstring.o(.text)
    CStringRemoveRange                       0x08007927   Thumb Code   238  cstring.o(.text)
    CStringRemoveSubString                   0x08007a15   Thumb Code   266  cstring.o(.text)
    CStringReplaceSubString                  0x08007b1f   Thumb Code   346  cstring.o(.text)
    CStringToUpper                           0x08007c79   Thumb Code   144  cstring.o(.text)
    CStringToLower                           0x08007d09   Thumb Code   144  cstring.o(.text)
    __aeabi_memcpy                           0x08007da5   Thumb Code    36  memcpya.o(.text)
    __aeabi_memcpy4                          0x08007da5   Thumb Code     0  memcpya.o(.text)
    __aeabi_memcpy8                          0x08007da5   Thumb Code     0  memcpya.o(.text)
    __aeabi_memset                           0x08007dc9   Thumb Code    14  memseta.o(.text)
    __aeabi_memset4                          0x08007dc9   Thumb Code     0  memseta.o(.text)
    __aeabi_memset8                          0x08007dc9   Thumb Code     0  memseta.o(.text)
    __aeabi_memclr                           0x08007dd7   Thumb Code     4  memseta.o(.text)
    __aeabi_memclr4                          0x08007dd7   Thumb Code     0  memseta.o(.text)
    __aeabi_memclr8                          0x08007dd7   Thumb Code     0  memseta.o(.text)
    _memset$wrapper                          0x08007ddb   Thumb Code    18  memseta.o(.text)
    strcat                                   0x08007ded   Thumb Code    24  strcat.o(.text)
    strcmp                                   0x08007e05   Thumb Code    28  strcmp.o(.text)
    __aeabi_fadd                             0x08007e21   Thumb Code   164  fadd.o(.text)
    __aeabi_fsub                             0x08007ec5   Thumb Code     6  fadd.o(.text)
    __aeabi_frsub                            0x08007ecb   Thumb Code     6  fadd.o(.text)
    __aeabi_fmul                             0x08007ed1   Thumb Code   108  fmul.o(.text)
    __aeabi_dadd                             0x08007f3d   Thumb Code   322  dadd.o(.text)
    __aeabi_dsub                             0x0800807f   Thumb Code     6  dadd.o(.text)
    __aeabi_drsub                            0x08008085   Thumb Code     6  dadd.o(.text)
    __aeabi_dmul                             0x0800808b   Thumb Code   228  dmul.o(.text)
    __aeabi_ddiv                             0x0800816f   Thumb Code   222  ddiv.o(.text)
    __aeabi_i2f                              0x0800824d   Thumb Code    18  fflti.o(.text)
    __aeabi_i2d                              0x0800825f   Thumb Code    34  dflti.o(.text)
    __aeabi_ui2d                             0x08008281   Thumb Code    26  dfltui.o(.text)
    __aeabi_d2iz                             0x0800829b   Thumb Code    62  dfixi.o(.text)
    __aeabi_f2d                              0x080082d9   Thumb Code    38  f2d.o(.text)
    __aeabi_d2f                              0x080082ff   Thumb Code    56  d2f.o(.text)
    __aeabi_uidiv                            0x08008337   Thumb Code     0  uidiv.o(.text)
    __aeabi_uidivmod                         0x08008337   Thumb Code    44  uidiv.o(.text)
    __aeabi_uldivmod                         0x08008363   Thumb Code    98  uldiv.o(.text)
    __aeabi_llsl                             0x080083c5   Thumb Code    30  llshl.o(.text)
    _ll_shift_l                              0x080083c5   Thumb Code     0  llshl.o(.text)
    __aeabi_llsr                             0x080083e3   Thumb Code    32  llushr.o(.text)
    _ll_ushift_r                             0x080083e3   Thumb Code     0  llushr.o(.text)
    __aeabi_lasr                             0x08008403   Thumb Code    36  llsshr.o(.text)
    _ll_sshift_r                             0x08008403   Thumb Code     0  llsshr.o(.text)
    __I$use$fp                               0x08008427   Thumb Code     0  iusefp.o(.text)
    _float_round                             0x08008427   Thumb Code    18  fepilogue.o(.text)
    _float_epilogue                          0x08008439   Thumb Code    90  fepilogue.o(.text)
    _double_round                            0x08008493   Thumb Code    26  depilogue.o(.text)
    _double_epilogue                         0x080084ad   Thumb Code   164  depilogue.o(.text)
    __aeabi_d2ulz                            0x08008551   Thumb Code    48  dfixul.o(.text)
    __aeabi_cdrcmple                         0x08008581   Thumb Code    38  cdrcmple.o(.text)
    __scatterload                            0x080085a9   Thumb Code    28  init.o(.text)
    __scatterload_rt2                        0x080085a9   Thumb Code     0  init.o(.text)
    __decompress                             0x080085cd   Thumb Code     0  __dczerorl2.o(.text)
    __decompress1                            0x080085cd   Thumb Code    92  __dczerorl2.o(.text)
    __0sprintf                               0x08008629   Thumb Code    34  printfa.o(i.__0sprintf)
    __1sprintf                               0x08008629   Thumb Code     0  printfa.o(i.__0sprintf)
    __2sprintf                               0x08008629   Thumb Code     0  printfa.o(i.__0sprintf)
    __c89sprintf                             0x08008629   Thumb Code     0  printfa.o(i.__0sprintf)
    sprintf                                  0x08008629   Thumb Code     0  printfa.o(i.__0sprintf)
    __scatterload_copy                       0x08008651   Thumb Code    14  handlers.o(i.__scatterload_copy)
    __scatterload_null                       0x0800865f   Thumb Code     2  handlers.o(i.__scatterload_null)
    __scatterload_zeroinit                   0x08008661   Thumb Code    14  handlers.o(i.__scatterload_zeroinit)
    F6x8                                     0x08008f1c   Data         552  oled.o(.constdata)
    F14x16_Idx                               0x08009144   Data          37  oled.o(.constdata)
    F14x16                                   0x08009169   Data         504  oled.o(.constdata)
    F8X16                                    0x08009361   Data        1520  oled.o(.constdata)
    OSCfg_IdleTaskStkBasePtr                 0x08009954   Data           4  os_cfg_app.o(.constdata)
    OSCfg_IdleTaskStkLimit                   0x08009958   Data           4  os_cfg_app.o(.constdata)
    OSCfg_IdleTaskStkSize                    0x0800995c   Data           4  os_cfg_app.o(.constdata)
    OSCfg_IdleTaskStkSizeRAM                 0x08009960   Data           4  os_cfg_app.o(.constdata)
    OSCfg_IntQBasePtr                        0x08009964   Data           4  os_cfg_app.o(.constdata)
    OSCfg_IntQSize                           0x08009968   Data           2  os_cfg_app.o(.constdata)
    OSCfg_IntQSizeRAM                        0x0800996c   Data           4  os_cfg_app.o(.constdata)
    OSCfg_IntQTaskStkBasePtr                 0x08009970   Data           4  os_cfg_app.o(.constdata)
    OSCfg_IntQTaskStkLimit                   0x08009974   Data           4  os_cfg_app.o(.constdata)
    OSCfg_IntQTaskStkSize                    0x08009978   Data           4  os_cfg_app.o(.constdata)
    OSCfg_IntQTaskStkSizeRAM                 0x0800997c   Data           4  os_cfg_app.o(.constdata)
    OSCfg_ISRStkBasePtr                      0x08009980   Data           4  os_cfg_app.o(.constdata)
    OSCfg_ISRStkSize                         0x08009984   Data           4  os_cfg_app.o(.constdata)
    OSCfg_ISRStkSizeRAM                      0x08009988   Data           4  os_cfg_app.o(.constdata)
    OSCfg_MsgPoolSize                        0x0800998c   Data           2  os_cfg_app.o(.constdata)
    OSCfg_MsgPoolSizeRAM                     0x08009990   Data           4  os_cfg_app.o(.constdata)
    OSCfg_MsgPoolBasePtr                     0x08009994   Data           4  os_cfg_app.o(.constdata)
    OSCfg_StatTaskPrio                       0x08009998   Data           1  os_cfg_app.o(.constdata)
    OSCfg_StatTaskRate_Hz                    0x0800999c   Data           4  os_cfg_app.o(.constdata)
    OSCfg_StatTaskStkBasePtr                 0x080099a0   Data           4  os_cfg_app.o(.constdata)
    OSCfg_StatTaskStkLimit                   0x080099a4   Data           4  os_cfg_app.o(.constdata)
    OSCfg_StatTaskStkSize                    0x080099a8   Data           4  os_cfg_app.o(.constdata)
    OSCfg_StatTaskStkSizeRAM                 0x080099ac   Data           4  os_cfg_app.o(.constdata)
    OSCfg_StkSizeMin                         0x080099b0   Data           4  os_cfg_app.o(.constdata)
    OSCfg_TickRate_Hz                        0x080099b4   Data           4  os_cfg_app.o(.constdata)
    OSCfg_TickTaskPrio                       0x080099b8   Data           1  os_cfg_app.o(.constdata)
    OSCfg_TickTaskStkBasePtr                 0x080099bc   Data           4  os_cfg_app.o(.constdata)
    OSCfg_TickTaskStkLimit                   0x080099c0   Data           4  os_cfg_app.o(.constdata)
    OSCfg_TickTaskStkSize                    0x080099c4   Data           4  os_cfg_app.o(.constdata)
    OSCfg_TickTaskStkSizeRAM                 0x080099c8   Data           4  os_cfg_app.o(.constdata)
    OSCfg_TickWheelSize                      0x080099cc   Data           2  os_cfg_app.o(.constdata)
    OSCfg_TickWheelSizeRAM                   0x080099d0   Data           4  os_cfg_app.o(.constdata)
    OSCfg_TmrTaskPrio                        0x080099d4   Data           1  os_cfg_app.o(.constdata)
    OSCfg_TmrTaskRate_Hz                     0x080099d8   Data           4  os_cfg_app.o(.constdata)
    OSCfg_TmrTaskStkBasePtr                  0x080099dc   Data           4  os_cfg_app.o(.constdata)
    OSCfg_TmrTaskStkLimit                    0x080099e0   Data           4  os_cfg_app.o(.constdata)
    OSCfg_TmrTaskStkSize                     0x080099e4   Data           4  os_cfg_app.o(.constdata)
    OSCfg_TmrTaskStkSizeRAM                  0x080099e8   Data           4  os_cfg_app.o(.constdata)
    OSCfg_TmrWheelSize                       0x080099ec   Data           2  os_cfg_app.o(.constdata)
    OSCfg_TmrWheelSizeRAM                    0x080099f0   Data           4  os_cfg_app.o(.constdata)
    OSCfg_DataSizeRAM                        0x080099f4   Data           4  os_cfg_app.o(.constdata)
    OSDbg_DbgEn                              0x080099f8   Data           2  os_dbg.o(.constdata)
    OSDbg_ArgChkEn                           0x080099fa   Data           1  os_dbg.o(.constdata)
    OSDbg_AppHooksEn                         0x080099fb   Data           1  os_dbg.o(.constdata)
    OSDbg_EndiannessTest                     0x080099fc   Data           4  os_dbg.o(.constdata)
    OSDbg_CalledFromISRChkEn                 0x08009a00   Data           1  os_dbg.o(.constdata)
    OSDbg_FlagEn                             0x08009a01   Data           1  os_dbg.o(.constdata)
    OSDbg_FlagGrp                            0x08009a04   Data          40  os_dbg.o(.constdata)
    OSDbg_FlagDelEn                          0x08009a2c   Data           1  os_dbg.o(.constdata)
    OSDbg_FlagModeClrEn                      0x08009a2d   Data           1  os_dbg.o(.constdata)
    OSDbg_FlagPendAbortEn                    0x08009a2e   Data           1  os_dbg.o(.constdata)
    OSDbg_FlagGrpSize                        0x08009a30   Data           2  os_dbg.o(.constdata)
    OSDbg_FlagWidth                          0x08009a32   Data           2  os_dbg.o(.constdata)
    OSDbg_IntQ                               0x08009a34   Data           2  os_dbg.o(.constdata)
    OSDbg_ISRPostDeferredEn                  0x08009a36   Data           1  os_dbg.o(.constdata)
    OSDbg_Mem                                0x08009a38   Data          32  os_dbg.o(.constdata)
    OSDbg_MemEn                              0x08009a58   Data           1  os_dbg.o(.constdata)
    OSDbg_MemSize                            0x08009a5a   Data           2  os_dbg.o(.constdata)
    OSDbg_MsgEn                              0x08009a5c   Data           1  os_dbg.o(.constdata)
    OSDbg_MsgSize                            0x08009a5e   Data           2  os_dbg.o(.constdata)
    OSDbg_MsgPoolSize                        0x08009a60   Data           2  os_dbg.o(.constdata)
    OSDbg_MsgQSize                           0x08009a62   Data           2  os_dbg.o(.constdata)
    OSDbg_Mutex                              0x08009a64   Data          44  os_dbg.o(.constdata)
    OSDbg_MutexEn                            0x08009a90   Data           1  os_dbg.o(.constdata)
    OSDbg_MutexDelEn                         0x08009a91   Data           1  os_dbg.o(.constdata)
    OSDbg_MutexPendAbortEn                   0x08009a92   Data           1  os_dbg.o(.constdata)
    OSDbg_MutexSize                          0x08009a94   Data           2  os_dbg.o(.constdata)
    OSDbg_ObjTypeChkEn                       0x08009a96   Data           1  os_dbg.o(.constdata)
    OSDbg_PendMultiEn                        0x08009a97   Data           1  os_dbg.o(.constdata)
    OSDbg_PendDataSize                       0x08009a98   Data           2  os_dbg.o(.constdata)
    OSDbg_PendListSize                       0x08009a9a   Data           2  os_dbg.o(.constdata)
    OSDbg_PendObjSize                        0x08009a9c   Data           2  os_dbg.o(.constdata)
    OSDbg_PrioMax                            0x08009a9e   Data           2  os_dbg.o(.constdata)
    OSDbg_PrioTblSize                        0x08009aa0   Data           2  os_dbg.o(.constdata)
    OSDbg_PtrSize                            0x08009aa2   Data           2  os_dbg.o(.constdata)
    OSDbg_Q                                  0x08009aa4   Data          48  os_dbg.o(.constdata)
    OSDbg_QEn                                0x08009ad4   Data           1  os_dbg.o(.constdata)
    OSDbg_QDelEn                             0x08009ad5   Data           1  os_dbg.o(.constdata)
    OSDbg_QFlushEn                           0x08009ad6   Data           1  os_dbg.o(.constdata)
    OSDbg_QPendAbortEn                       0x08009ad7   Data           1  os_dbg.o(.constdata)
    OSDbg_QSize                              0x08009ad8   Data           2  os_dbg.o(.constdata)
    OSDbg_SchedRoundRobinEn                  0x08009ada   Data           1  os_dbg.o(.constdata)
    OSDbg_Sem                                0x08009adc   Data          40  os_dbg.o(.constdata)
    OSDbg_SemEn                              0x08009b04   Data           1  os_dbg.o(.constdata)
    OSDbg_SemDelEn                           0x08009b05   Data           1  os_dbg.o(.constdata)
    OSDbg_SemPendAbortEn                     0x08009b06   Data           1  os_dbg.o(.constdata)
    OSDbg_SemSetEn                           0x08009b07   Data           1  os_dbg.o(.constdata)
    OSDbg_SemSize                            0x08009b08   Data           2  os_dbg.o(.constdata)
    OSDbg_RdyList                            0x08009b0a   Data           2  os_dbg.o(.constdata)
    OSDbg_RdyListSize                        0x08009b0c   Data           4  os_dbg.o(.constdata)
    OSDbg_StkWidth                           0x08009b10   Data           1  os_dbg.o(.constdata)
    OSDbg_StatTaskEn                         0x08009b11   Data           1  os_dbg.o(.constdata)
    OSDbg_StatTaskStkChkEn                   0x08009b12   Data           1  os_dbg.o(.constdata)
    OSDbg_TaskChangePrioEn                   0x08009b13   Data           1  os_dbg.o(.constdata)
    OSDbg_TaskDelEn                          0x08009b14   Data           1  os_dbg.o(.constdata)
    OSDbg_TaskQEn                            0x08009b15   Data           1  os_dbg.o(.constdata)
    OSDbg_TaskQPendAbortEn                   0x08009b16   Data           1  os_dbg.o(.constdata)
    OSDbg_TaskProfileEn                      0x08009b17   Data           1  os_dbg.o(.constdata)
    OSDbg_TaskRegTblSize                     0x08009b18   Data           2  os_dbg.o(.constdata)
    OSDbg_TaskSemPendAbortEn                 0x08009b1a   Data           1  os_dbg.o(.constdata)
    OSDbg_TaskSuspendEn                      0x08009b1b   Data           1  os_dbg.o(.constdata)
    OSDbg_TCBSize                            0x08009b1c   Data           2  os_dbg.o(.constdata)
    OSDbg_TickSpokeSize                      0x08009b1e   Data           2  os_dbg.o(.constdata)
    OSDbg_TimeDlyHMSMEn                      0x08009b20   Data           1  os_dbg.o(.constdata)
    OSDbg_TimeDlyResumeEn                    0x08009b21   Data           1  os_dbg.o(.constdata)
    OSDbg_Tmr                                0x08009b24   Data          52  os_dbg.o(.constdata)
    OSDbg_TmrEn                              0x08009b58   Data           1  os_dbg.o(.constdata)
    OSDbg_TmrDelEn                           0x08009b59   Data           1  os_dbg.o(.constdata)
    OSDbg_TmrSize                            0x08009b5a   Data           2  os_dbg.o(.constdata)
    OSDbg_TmrSpokeSize                       0x08009b5c   Data           2  os_dbg.o(.constdata)
    OSDbg_VersionNbr                         0x08009b5e   Data           2  os_dbg.o(.constdata)
    OSDbg_DataSize                           0x08009b60   Data           4  os_dbg.o(.constdata)
    Region$$Table$$Base                      0x08009b70   Number         0  anon$$obj.o(Region$$Table)
    Region$$Table$$Limit                     0x08009b90   Number         0  anon$$obj.o(Region$$Table)
    SystemCoreClock                          0x20000000   Data           4  system_stm32f10x.o(.data)
    AHBPrescTable                            0x20000004   Data          16  system_stm32f10x.o(.data)
    DZXYlogo                                 0x20000028   Data        1024  oled.o(.data)
    TZXYlogo                                 0x20000428   Data         512  oled.o(.data)
    weizhi                                   0x20000628   Data         256  oled.o(.data)
    dianchi                                  0x20000728   Data          64  oled.o(.data)
    xinghao                                  0x20000768   Data          64  oled.o(.data)
    err                                      0x200007a8   Data           2  oled.o(.data)
    TempPara                                 0x200007aa   Data           4  tempcontrol.o(.data)
    controlEnable                            0x200007ae   Data           1  tempcontrol.o(.data)
    controlTime                              0x200007af   Data           1  tempcontrol.o(.data)
    getTime                                  0x200007b0   Data           1  tempcontrol.o(.data)
    tempLast                                 0x200007b2   Data           2  tempcontrol.o(.data)
    BreathLedEnable                          0x200007b4   Data           1  breathled.o(.data)
    ledFx                                    0x200007b8   Data           4  breathled.o(.data)
    ledDt                                    0x200007bc   Data           4  breathled.o(.data)
    StartAddress                             0x200007c4   Data           4  flash.o(.data)
    FLASHStatus                              0x200007c8   Data           1  flash.o(.data)
    Keys                                     0x200007cc   Data          24  keyex.o(.data)
    key1Time                                 0x200007e4   Data           1  keyex.o(.data)
    key2Time                                 0x200007e5   Data           1  keyex.o(.data)
    key3Time                                 0x200007e6   Data           1  keyex.o(.data)
    isDs18b20Error                           0x200007e7   Data           1  app.o(.data)
    OSPrioTbl                                0x200007e8   Data           4  os_prio.o(.data)
    OSIdleTaskCtr                            0x200007ec   Data           4  os_var.o(.data)
    OSIntNestingCtr                          0x200007f0   Data           1  os_var.o(.data)
    OSRunning                                0x200007f1   Data           1  os_var.o(.data)
    OSIntQInPtr                              0x200007f4   Data           4  os_var.o(.data)
    OSIntQOutPtr                             0x200007f8   Data           4  os_var.o(.data)
    OSIntQNbrEntries                         0x200007fc   Data           2  os_var.o(.data)
    OSIntQMaxNbrEntries                      0x200007fe   Data           2  os_var.o(.data)
    OSIntQOvfCtr                             0x20000800   Data           2  os_var.o(.data)
    OSIntQTaskTimeMax                        0x20000804   Data           4  os_var.o(.data)
    OSMemDbgListPtr                          0x20000808   Data           4  os_var.o(.data)
    OSMemQty                                 0x2000080c   Data           2  os_var.o(.data)
    OSMsgPool                                0x20000810   Data           8  os_var.o(.data)
    OSPrioCur                                0x20000818   Data           1  os_var.o(.data)
    OSPrioHighRdy                            0x20000819   Data           1  os_var.o(.data)
    OSPrioSaved                              0x2000081a   Data           1  os_var.o(.data)
    OSSchedLockNestingCtr                    0x2000081b   Data           1  os_var.o(.data)
    OSSchedRoundRobinDfltTimeQuanta          0x2000081c   Data           4  os_var.o(.data)
    OSSchedRoundRobinEn                      0x20000820   Data           1  os_var.o(.data)
    OSStatTaskCPUUsage                       0x20000821   Data           1  os_var.o(.data)
    OSStatTaskCtr                            0x20000824   Data           4  os_var.o(.data)
    OSStatTaskCtrMax                         0x20000828   Data           4  os_var.o(.data)
    OSStatTaskCtrRun                         0x2000082c   Data           4  os_var.o(.data)
    OSStatTaskRdy                            0x20000830   Data           1  os_var.o(.data)
    OSStatTaskTimeMax                        0x20000834   Data           4  os_var.o(.data)
    OSStatResetFlag                          0x20000838   Data           1  os_var.o(.data)
    OSTaskCtxSwCtr                           0x2000083c   Data           4  os_var.o(.data)
    OSTaskDbgListPtr                         0x20000840   Data           4  os_var.o(.data)
    OSTaskQty                                0x20000844   Data           2  os_var.o(.data)
    OSTickCtr                                0x20000848   Data           4  os_var.o(.data)
    OSTickTaskTimeMax                        0x2000084c   Data           4  os_var.o(.data)
    OSTCBCurPtr                              0x20000850   Data           4  os_var.o(.data)
    OSTCBHighRdyPtr                          0x20000854   Data           4  os_var.o(.data)
    OS_CPU_ExceptStkBase                     0x20000858   Data           4  os_cpu_c.o(.data)
    Str                                      0x2000085c   Data          72  cstring.o(.data)
    ii                                       0x200008a4   Data           1  cstring.o(.data)
    StartUp_TCB                              0x200008a8   Data         120  main.o(.bss)
    StartUp_Stk                              0x20000920   Data         320  main.o(.bss)
    OSCfg_IdleTaskStk                        0x20000f88   Data         512  os_cfg_app.o(.bss)
    OSCfg_IntQ                               0x20001188   Data         320  os_cfg_app.o(.bss)
    OSCfg_IntQTaskStk                        0x200012c8   Data         512  os_cfg_app.o(.bss)
    OSCfg_ISRStk                             0x200014c8   Data         512  os_cfg_app.o(.bss)
    OSCfg_StatTaskStk                        0x200016c8   Data         512  os_cfg_app.o(.bss)
    OSCfg_TickTaskStk                        0x200018c8   Data         512  os_cfg_app.o(.bss)
    OSCfg_TickWheel                          0x20001ac8   Data         104  os_cfg_app.o(.bss)
    OSIdleTaskTCB                            0x20001b30   Data         120  os_var.o(.bss)
    OSIntQTaskTCB                            0x20001ba8   Data         120  os_var.o(.bss)
    OSRdyList                                0x20001c20   Data          96  os_var.o(.bss)
    OSStatTaskTCB                            0x20001c80   Data         120  os_var.o(.bss)
    OSTickTaskTCB                            0x20001cf8   Data         120  os_var.o(.bss)
    _STRtemp                                 0x20001d70   Data          16  cstring.o(.bss)
    _cstring                                 0x20001d80   Data          80  cstring.o(.bss)
    __initial_sp                             0x200021d0   Data           0  startup_stm32f10x_hd.o(STACK)



==============================================================================

Memory Map of the image

  Image Entry point : 0x08000131

  Load Region LR_IROM1 (Base: 0x08000000, Size: 0x0000a438, Max: 0x00010000, ABSOLUTE, COMPRESSED[0x00009e54])

    Execution Region ER_IROM1 (Base: 0x08000000, Size: 0x00009b90, Max: 0x00010000, ABSOLUTE)

    Base Addr    Size         Type   Attr      Idx    E Section Name        Object

    0x08000000   0x00000130   Data   RO            3    RESET               startup_stm32f10x_hd.o
    0x08000130   0x00000000   Code   RO         1153  * .ARM.Collect$$$$00000000  mc_w.l(entry.o)
    0x08000130   0x00000004   Code   RO         1485    .ARM.Collect$$$$00000001  mc_w.l(entry2.o)
    0x08000134   0x00000004   Code   RO         1488    .ARM.Collect$$$$00000004  mc_w.l(entry5.o)
    0x08000138   0x00000000   Code   RO         1490    .ARM.Collect$$$$00000008  mc_w.l(entry7b.o)
    0x08000138   0x00000000   Code   RO         1492    .ARM.Collect$$$$0000000A  mc_w.l(entry8b.o)
    0x08000138   0x00000008   Code   RO         1493    .ARM.Collect$$$$0000000B  mc_w.l(entry9a.o)
    0x08000140   0x00000000   Code   RO         1495    .ARM.Collect$$$$0000000D  mc_w.l(entry10a.o)
    0x08000140   0x00000000   Code   RO         1497    .ARM.Collect$$$$0000000F  mc_w.l(entry11a.o)
    0x08000140   0x00000004   Code   RO         1486    .ARM.Collect$$$$00002712  mc_w.l(entry2.o)
    0x08000144   0x00000024   Code   RO            4    .text               startup_stm32f10x_hd.o
    0x08000168   0x000001dc   Code   RO           24    .text               system_stm32f10x.o
    0x08000344   0x000000dc   Code   RO           58    .text               misc.o
    0x08000420   0x000005bc   Code   RO          212    .text               stm32f10x_flash.o
    0x080009dc   0x00000358   Code   RO          242    .text               stm32f10x_gpio.o
    0x08000d34   0x00000040   Code   RO          269    .text               stm32f10x_iwdg.o
    0x08000d74   0x000003a4   Code   RO          299    .text               stm32f10x_rcc.o
    0x08001118   0x00000e1a   Code   RO          358    .text               stm32f10x_tim.o
    0x08001f32   0x00000002   PAD
    0x08001f34   0x0000005c   Code   RO          403    .text               main.o
    0x08001f90   0x00000026   Code   RO          465    .text               stm32f10x_it.o
    0x08001fb6   0x00000002   PAD
    0x08001fb8   0x000009a0   Code   RO          477    .text               oled.o
    0x08002958   0x000001b8   Code   RO          496    .text               tempcontrol.o
    0x08002b10   0x00000074   Code   RO          533    .text               breathled.o
    0x08002b84   0x000000d0   Code   RO          554    .text               delay.o
    0x08002c54   0x00000280   Code   RO          568    .text               ds18b20.o
    0x08002ed4   0x0000008c   Code   RO          581    .text               flash.o
    0x08002f60   0x00000022   Code   RO          600    .text               iwdg.o
    0x08002f82   0x00000002   PAD
    0x08002f84   0x00000180   Code   RO          615    .text               keyex.o
    0x08003104   0x000002c0   Code   RO          633    .text               pwm.o
    0x080033c4   0x00000048   Code   RO          645    .text               relay.o
    0x0800340c   0x000003b0   Code   RO          657    .text               sound.o
    0x080037bc   0x000001fc   Code   RO          693    .text               app.o
    0x080039b8   0x00000130   Code   RO          724    .text               bsp.o
    0x08003ae8   0x00000044   Code   RO          741    .text               bsp_led.o
    0x08003b2c   0x000000b8   Code   RO          753    .text               os_cfg_app.o
    0x08003be4   0x00000ca4   Code   RO          773    .text               os_core.o
    0x08004888   0x0000012c   Code   RO          785    .text               os_dbg.o
    0x080049b4   0x00000368   Code   RO          806    .text               os_int.o
    0x08004d1c   0x0000026c   Code   RO          818    .text               os_mem.o
    0x08004f88   0x0000007c   Code   RO          848    .text               os_prio.o
    0x08005004   0x000002dc   Code   RO          879    .text               os_stat.o
    0x080052e0   0x00000f44   Code   RO          891    .text               os_task.o
    0x08006224   0x000004c8   Code   RO          903    .text               os_tick.o
    0x080066ec   0x00000540   Code   RO          915    .text               os_time.o
    0x08006c2c   0x00000084   Code   RO          947    .text               os_cpu_a.o
    0x08006cb0   0x000000f0   Code   RO          950    .text               os_cpu_c.o
    0x08006da0   0x0000002a   Code   RO         1042    .text               cpu_a.o
    0x08006dca   0x00000002   PAD
    0x08006dcc   0x00000fd8   Code   RO         1087    .text               cstring.o
    0x08007da4   0x00000024   Code   RO         1156    .text               mc_w.l(memcpya.o)
    0x08007dc8   0x00000024   Code   RO         1158    .text               mc_w.l(memseta.o)
    0x08007dec   0x00000018   Code   RO         1160    .text               mc_w.l(strcat.o)
    0x08007e04   0x0000001c   Code   RO         1162    .text               mc_w.l(strcmp.o)
    0x08007e20   0x000000b0   Code   RO         1455    .text               mf_w.l(fadd.o)
    0x08007ed0   0x0000006c   Code   RO         1457    .text               mf_w.l(fmul.o)
    0x08007f3c   0x0000014e   Code   RO         1459    .text               mf_w.l(dadd.o)
    0x0800808a   0x000000e4   Code   RO         1461    .text               mf_w.l(dmul.o)
    0x0800816e   0x000000de   Code   RO         1463    .text               mf_w.l(ddiv.o)
    0x0800824c   0x00000012   Code   RO         1465    .text               mf_w.l(fflti.o)
    0x0800825e   0x00000022   Code   RO         1469    .text               mf_w.l(dflti.o)
    0x08008280   0x0000001a   Code   RO         1471    .text               mf_w.l(dfltui.o)
    0x0800829a   0x0000003e   Code   RO         1475    .text               mf_w.l(dfixi.o)
    0x080082d8   0x00000026   Code   RO         1477    .text               mf_w.l(f2d.o)
    0x080082fe   0x00000038   Code   RO         1479    .text               mf_w.l(d2f.o)
    0x08008336   0x0000002c   Code   RO         1502    .text               mc_w.l(uidiv.o)
    0x08008362   0x00000062   Code   RO         1504    .text               mc_w.l(uldiv.o)
    0x080083c4   0x0000001e   Code   RO         1506    .text               mc_w.l(llshl.o)
    0x080083e2   0x00000020   Code   RO         1508    .text               mc_w.l(llushr.o)
    0x08008402   0x00000024   Code   RO         1510    .text               mc_w.l(llsshr.o)
    0x08008426   0x00000000   Code   RO         1521    .text               mc_w.l(iusefp.o)
    0x08008426   0x0000006c   Code   RO         1522    .text               mf_w.l(fepilogue.o)
    0x08008492   0x000000be   Code   RO         1526    .text               mf_w.l(depilogue.o)
    0x08008550   0x00000030   Code   RO         1528    .text               mf_w.l(dfixul.o)
    0x08008580   0x00000028   Code   RO         1530    .text               mf_w.l(cdrcmple.o)
    0x080085a8   0x00000024   Code   RO         1532    .text               mc_w.l(init.o)
    0x080085cc   0x0000005c   Code   RO         1544    .text               mc_w.l(__dczerorl2.o)
    0x08008628   0x00000028   Code   RO         1401    i.__0sprintf        mc_w.l(printfa.o)
    0x08008650   0x0000000e   Code   RO         1538    i.__scatterload_copy  mc_w.l(handlers.o)
    0x0800865e   0x00000002   Code   RO         1539    i.__scatterload_null  mc_w.l(handlers.o)
    0x08008660   0x0000000e   Code   RO         1540    i.__scatterload_zeroinit  mc_w.l(handlers.o)
    0x0800866e   0x00000002   PAD
    0x08008670   0x0000015c   Code   RO         1406    i._fp_digits        mc_w.l(printfa.o)
    0x080087cc   0x000006f0   Code   RO         1407    i._printf_core      mc_w.l(printfa.o)
    0x08008ebc   0x00000026   Code   RO         1408    i._printf_post_padding  mc_w.l(printfa.o)
    0x08008ee2   0x00000030   Code   RO         1409    i._printf_pre_padding  mc_w.l(printfa.o)
    0x08008f12   0x0000000a   Code   RO         1411    i._sputc            mc_w.l(printfa.o)
    0x08008f1c   0x00000a35   Data   RO          478    .constdata          oled.o
    0x08009951   0x00000003   PAD
    0x08009954   0x000000a4   Data   RO          755    .constdata          os_cfg_app.o
    0x080099f8   0x0000016c   Data   RO          786    .constdata          os_dbg.o
    0x08009b64   0x0000000c   Data   RO         1089    .constdata          cstring.o
    0x08009b70   0x00000020   Data   RO         1536    Region$$Table       anon$$obj.o


    Execution Region RW_IRAM1 (Base: 0x20000000, Size: 0x000021d0, Max: 0x00005000, ABSOLUTE, COMPRESSED[0x000002c4])

    Base Addr    Size         Type   Attr      Idx    E Section Name        Object

    0x20000000   0x00000014   Data   RW           25    .data               system_stm32f10x.o
    0x20000014   0x00000014   Data   RW          300    .data               stm32f10x_rcc.o
    0x20000028   0x00000782   Data   RW          479    .data               oled.o
    0x200007aa   0x0000000a   Data   RW          497    .data               tempcontrol.o
    0x200007b4   0x0000000c   Data   RW          534    .data               breathled.o
    0x200007c0   0x00000004   Data   RW          555    .data               delay.o
    0x200007c4   0x00000005   Data   RW          582    .data               flash.o
    0x200007c9   0x00000003   PAD
    0x200007cc   0x0000001b   Data   RW          616    .data               keyex.o
    0x200007e7   0x00000001   Data   RW          695    .data               app.o
    0x200007e8   0x00000004   Data   RW          849    .data               os_prio.o
    0x200007ec   0x0000006c   Data   RW          934    .data               os_var.o
    0x20000858   0x00000004   Data   RW          951    .data               os_cpu_c.o
    0x2000085c   0x00000049   Data   RW         1090    .data               cstring.o
    0x200008a5   0x00000003   PAD
    0x200008a8   0x000001b8   Zero   RW          404    .bss                main.o
    0x20000a60   0x00000528   Zero   RW          694    .bss                app.o
    0x20000f88   0x00000ba8   Zero   RW          754    .bss                os_cfg_app.o
    0x20001b30   0x00000240   Zero   RW          933    .bss                os_var.o
    0x20001d70   0x00000060   Zero   RW         1088    .bss                cstring.o
    0x20001dd0   0x00000400   Zero   RW            1    STACK               startup_stm32f10x_hd.o


==============================================================================

Image component sizes


      Code (inc. data)   RO Data    RW Data    ZI Data      Debug   Object Name

       508        116          0          1       1320       1978   app.o
       116         16          0         12          0        893   breathled.o
       304         18          0          0          0      16189   bsp.o
        68          8          0          0          0        478   bsp_led.o
         0          0          0          0          0       4212   core_cm3.o
        42          0          0          0          0        268   cpu_a.o
      4056        116         12         73         96      14611   cstring.o
       208         18          0          4          0        951   delay.o
       640         22          0          0          0       2238   ds18b20.o
       140         16          0          5          0       1388   flash.o
        34          0          0          0          0        420   iwdg.o
       384         14          0         27          0       2517   keyex.o
        92         20          0          0        440      26482   main.o
       220         20          0          0          0       3445   misc.o
      2464         34       2613       1922          0       7646   oled.o
       184        120        164          0       2984      18108   os_cfg_app.o
      3236        228          0          0          0      11338   os_core.o
       132         32          0          0          0        284   os_cpu_a.o
       240         18          0          4          0       2832   os_cpu_c.o
       300        198        364          0          0       4575   os_dbg.o
       872        124          0          0          0       2276   os_int.o
       620         26          0          0          0       2596   os_mem.o
       124          4          0          4          0       1636   os_prio.o
       732         96          0          0          0       1941   os_stat.o
      3908        170          0          0          0       8211   os_task.o
      1224         86          0          0          0       3093   os_tick.o
      1344         44          0          0          0       3053   os_time.o
         0          0          0        108        576      16543   os_var.o
       704         22          0          0          0       2598   pwm.o
        72         16          0          0          0        472   relay.o
       944          8          0          0          0       1961   sound.o
        36          8        304          0       1024        840   startup_stm32f10x_hd.o
      1468         34          0          0          0      14334   stm32f10x_flash.o
       856         40          0          0          0       5609   stm32f10x_gpio.o
        38          0          0          0          0       1183   stm32f10x_it.o
        64          6          0          0          0       1249   stm32f10x_iwdg.o
       932         44          0         20          0       8760   stm32f10x_rcc.o
      3610         88          0          0          0      42440   stm32f10x_tim.o
       476         36          0         20          0     221991   system_stm32f10x.o
       440         28          0         10          0       1642   tempcontrol.o

    ----------------------------------------------------------------------
     31840       1894       3492       2216       6440     463281   Object Totals
         0          0         32          0          0          0   (incl. Generated)
         8          0          3          6          0          0   (incl. Padding)

    ----------------------------------------------------------------------

      Code (inc. data)   RO Data    RW Data    ZI Data      Debug   Library Member Name

        92          0          0          0          0          0   __dczerorl2.o
         0          0          0          0          0          0   entry.o
         0          0          0          0          0          0   entry10a.o
         0          0          0          0          0          0   entry11a.o
         8          4          0          0          0          0   entry2.o
         4          0          0          0          0          0   entry5.o
         0          0          0          0          0          0   entry7b.o
         0          0          0          0          0          0   entry8b.o
         8          4          0          0          0          0   entry9a.o
        30          0          0          0          0          0   handlers.o
        36          8          0          0          0         68   init.o
         0          0          0          0          0          0   iusefp.o
        30          0          0          0          0         68   llshl.o
        36          0          0          0          0         68   llsshr.o
        32          0          0          0          0         68   llushr.o
        36          0          0          0          0         68   memcpya.o
        36          0          0          0          0        108   memseta.o
      2260         86          0          0          0        512   printfa.o
        24          0          0          0          0         68   strcat.o
        28          0          0          0          0         76   strcmp.o
        44          0          0          0          0         80   uidiv.o
        98          0          0          0          0         92   uldiv.o
        40          2          0          0          0         68   cdrcmple.o
        56          0          0          0          0         88   d2f.o
       334          0          0          0          0        148   dadd.o
       222          0          0          0          0        100   ddiv.o
       190          0          0          0          0        176   depilogue.o
        62          0          0          0          0         80   dfixi.o
        48          0          0          0          0         68   dfixul.o
        34          0          0          0          0         76   dflti.o
        26          0          0          0          0         76   dfltui.o
       228          0          0          0          0         96   dmul.o
        38          0          0          0          0         68   f2d.o
       176          0          0          0          0        140   fadd.o
       108          0          0          0          0        168   fepilogue.o
        18          0          0          0          0         68   fflti.o
       108          0          0          0          0         76   fmul.o

    ----------------------------------------------------------------------
      4492        104          0          0          0       2772   Library Totals
         2          0          0          0          0          0   (incl. Padding)

    ----------------------------------------------------------------------

      Code (inc. data)   RO Data    RW Data    ZI Data      Debug   Library Name

      2802        102          0          0          0       1276   mc_w.l
      1688          2          0          0          0       1496   mf_w.l

    ----------------------------------------------------------------------
      4492        104          0          0          0       2772   Library Totals

    ----------------------------------------------------------------------

==============================================================================


      Code (inc. data)   RO Data    RW Data    ZI Data      Debug   

     36332       1998       3492       2216       6440     461633   Grand Totals
     36332       1998       3492        708       6440     461633   ELF Image Totals (compressed)
     36332       1998       3492        708          0          0   ROM Totals

==============================================================================

    Total RO  Size (Code + RO Data)                39824 (  38.89kB)
    Total RW  Size (RW Data + ZI Data)              8656 (   8.45kB)
    Total ROM Size (Code + RO Data + RW Data)      40532 (  39.58kB)

==============================================================================

